==============================================================================
密集电流网格扫描 —— 每次测量整窗回传
==============================================================================
网格:   -45 ~ +45 nA, 步长 0.5  ->  162 个电流点 (正负都有)
每点:   3 次   ->  共 **486 次测量**
串口:   115200 bps   (整窗 12500 字节回传 1.085 s)
预热:   always  (共空跑 162 次)
估算:   每点 9.6 s x 162 点 + 预热 178.2 s  ->  约 **29 分钟**
  拆开: 整定 3.0 s | 测量 2.19 s x3 | 预热 1.10 s x162
存档:   data/dense/raw.csv  (26 列, 每行写完立刻落盘)
        data/dense/w_*.npz  (整窗 6250 点)

    装置就绪 (COM6 @ 115200 bps)
    型号: 2636B
──  +5.0000 nA  已完成, 跳过
──  +5.5000 nA  已完成, 跳过
──  +6.0000 nA  已完成, 跳过
──  +6.5000 nA  已完成, 跳过
──  +7.0000 nA  已完成, 跳过
──  +7.5000 nA  已完成, 跳过
──  +8.0000 nA  已完成, 跳过
──  +8.5000 nA  已完成, 跳过
──  +9.0000 nA  已完成, 跳过
──  +9.5000 nA  已完成, 跳过
── +10.0000 nA  已完成, 跳过
── +10.5000 nA  已完成, 跳过
── +11.0000 nA  已完成, 跳过
── +11.5000 nA  已完成, 跳过
── +12.0000 nA  已完成, 跳过
── +12.5000 nA  已完成, 跳过
── +13.0000 nA  已完成, 跳过
── +13.5000 nA  已完成, 跳过
── +14.0000 nA  已完成, 跳过
── +14.5000 nA  已完成, 跳过
── +15.0000 nA  已完成, 跳过
── +15.5000 nA  已完成, 跳过
── +16.0000 nA  已完成, 跳过
── +16.5000 nA  已完成, 跳过
── +17.0000 nA  已完成, 跳过
── +17.5000 nA  已完成, 跳过
── +18.0000 nA  已完成, 跳过
── +18.5000 nA  已完成, 跳过
── +19.0000 nA  已完成, 跳过
── +19.5000 nA  已完成, 跳过
── +20.0000 nA  已完成, 跳过
── +20.5000 nA  已完成, 跳过
── +21.0000 nA  已完成, 跳过
── +21.5000 nA  已完成, 跳过
── +22.0000 nA  已完成, 跳过
── +22.5000 nA  已完成, 跳过
── +23.0000 nA  已完成, 跳过
── +23.5000 nA  已完成, 跳过
── +24.0000 nA  已完成, 跳过
── +24.5000 nA  已完成, 跳过
── +25.0000 nA  已完成, 跳过
── +25.5000 nA  已完成, 跳过
── +26.0000 nA  已完成, 跳过
── +26.5000 nA  已完成, 跳过
── +27.0000 nA  已完成, 跳过
── +27.5000 nA  已完成, 跳过
── +28.0000 nA  已完成, 跳过
── +28.5000 nA  已完成, 跳过
── +29.0000 nA  (1/486)
   档位 1e-07 A
    预热: +29.452 (TIMEOUT)
   第1次  装置  +29.2940 nA  波形 6250 点 [2306,59791]  回读采了 3 个   测量 1354ms 回传 1096ms
   第2次  装置  +29.2930 nA  波形 6250 点 [2244,59718]  回读采了 4 个   测量 1270ms 回传 1096ms
   第3次  装置  +29.2930 nA  波形 6250 点 [2255,59740]  回读采了 4 个   测量 1278ms 回传 1096ms
── +29.5000 nA  (4/486)
   档位 1e-07 A
    预热: +29.791
   第1次  装置  +29.7890 nA  波形 6250 点 [2333,59718]  回读采了 4 个   测量 1272ms 回传 1096ms
   第2次  装置  +29.7900 nA  波形 6250 点 [2413,59784]  回读采了 4 个   测量 1271ms 回传 1096ms
   第3次  装置  +29.7910 nA  波形 6250 点 [2202,59366]  回读采了 3 个   测量 1353ms 回传 1096ms
── +30.0000 nA  (7/486)
   档位 1e-07 A
    预热: +30.316
   第1次  装置  +30.3150 nA  波形 6250 点 [2305,59708]  回读采了 4 个   测量 1272ms 回传 1096ms
   第2次  装置  +30.3200 nA  波形 6250 点 [2290,59750]  回读采了 4 个   测量 1270ms 回传 1096ms
   第3次  装置  +30.3170 nA  波形 6250 点 [2306,59720]  回读采了 4 个   测量 1295ms 回传 1096ms
── +30.5000 nA  (10/486)
   档位 1e-07 A
    预热: +30.812
   第1次  装置  +30.8130 nA  波形 6250 点 [2290,59795]  回读采了 2 个   测量 1037ms 回传 1096ms
   第2次  装置  +30.8130 nA  波形 6250 点 [2312,59805]  回读采了 4 个   测量 1282ms 回传 1096ms
   第3次  装置  +30.8130 nA  波形 6250 点 [2351,59738]  回读采了 4 个   测量 1273ms 回传 1096ms
── +31.0000 nA  (13/486)
   档位 1e-07 A
    预热: +31.308
   第1次  装置  +31.3060 nA  波形 6250 点 [2388,59696]  回读采了 4 个   测量 1271ms 回传 1096ms
   第2次  装置  +31.3080 nA  波形 6250 点 [2286,59664]  回读采了 4 个   测量 1276ms 回传 1096ms
   第3次  装置  +31.3080 nA  波形 6250 点 [2312,59608]  回读采了 3 个   测量 1353ms 回传 1096ms
── +31.5000 nA  (16/486)
   档位 1e-07 A
    预热: +31.834
   第1次  装置  +31.8340 nA  波形 6250 点 [2385,59852]  回读采了 4 个   测量 1271ms 回传 1096ms
   第2次  装置  +31.8320 nA  波形 6250 点 [2244,59832]  回读采了 4 个   测量 1271ms 回传 1096ms
   第3次  装置  +31.8360 nA  波形 6250 点 [2398,59907]  回读采了 4 个   测量 1271ms 回传 1096ms
── +32.0000 nA  (19/486)
   档位 1e-07 A
    预热: +32.325
   第1次  装置  +32.3270 nA  波形 6250 点 [2243,59512]  回读采了 3 个   测量 1354ms 回传 1096ms
       波形第 2 次重传才成功
   第2次  装置  +32.3270 nA  波形 6250 点 [2291,59512]  回读采了 4 个   测量 1272ms 回传 5823ms
   第3次  装置  +32.3250 nA  波形 6250 点 [2295,59546]  回读采了 4 个   测量 1286ms 回传 1096ms
── +32.5000 nA  (22/486)
   档位 1e-07 A
    预热: +32.841
   第1次  装置  +32.8370 nA  波形 6250 点 [2209,59844]  回读采了 2 个   测量 1037ms 回传 1096ms
   第2次  装置  +32.8420 nA  波形 6250 点 [2350,59888]  回读采了 4 个   测量 1282ms 回传 1096ms
   第3次  装置  +32.8340 nA  波形 6250 点 [2302,59844]  回读采了 4 个   测量 1273ms 回传 1096ms
── +33.0000 nA  (25/486)
   档位 1e-07 A
    预热: +33.347
   第1次  装置  +33.3450 nA  波形 6250 点 [2244,59852]  回读采了 4 个   测量 1272ms 回传 1096ms
   第2次  装置  +33.3470 nA  波形 6250 点 [2348,59407]  回读采了 4 个   测量 1275ms 回传 1096ms
   第3次  装置  +33.3470 nA  波形 6250 点 [2358,59434]  回读采了 3 个   测量 1354ms 回传 1096ms
── +33.5000 nA  (28/486)
   档位 1e-07 A
    预热: +33.834
   第1次  装置  +33.8330 nA  波形 6250 点 [2367,59704]  回读采了 4 个   测量 1299ms 回传 1096ms
   第2次  装置  +33.8370 nA  波形 6250 点 [2379,59649]  回读采了 4 个   测量 1279ms 回传 1096ms
   第3次  装置  +33.8350 nA  波形 6250 点 [2406,59661]  回读采了 4 个   测量 1272ms 回传 1096ms
── +34.0000 nA  (31/486)
   档位 1e-07 A
    预热: +34.357
   第1次  装置  +34.3560 nA  波形 6250 点 [2264,59910]  回读采了 2 个   测量 1046ms 回传 1096ms
   第2次  装置  +34.3630 nA  波形 6250 点 [2395,59900]  回读采了 4 个   测量 1325ms 回传 1096ms
   第3次  装置  +34.3660 nA  波形 6250 点 [2372,59898]  回读采了 4 个   测量 1290ms 回传 1096ms
── +34.5000 nA  (34/486)
   档位 1e-07 A
    预热: +34.856
   第1次  装置  +34.8570 nA  波形 6250 点 [2421,59467]  回读采了 4 个   测量 1299ms 回传 1096ms
   第2次  装置  +34.8580 nA  波形 6250 点 [2345,59560]  回读采了 4 个   测量 1273ms 回传 1096ms
   第3次  装置  +34.8570 nA  波形 6250 点 [2261,59506]  回读采了 3 个   测量 1355ms 回传 1096ms
── +35.0000 nA  (37/486)
   档位 1e-07 A
    预热: +35.347
   第1次  装置  +35.3500 nA  波形 6250 点 [2316,59903]  回读采了 4 个   测量 1271ms 回传 1096ms
   第2次  装置  +35.3490 nA  波形 6250 点 [2366,59835]  回读采了 4 个   测量 1272ms 回传 1096ms
   第3次  装置  +35.3470 nA  波形 6250 点 [2391,59850]  回读采了 4 个   测量 1284ms 回传 1096ms
── +35.5000 nA  (40/486)
   档位 1e-07 A
    预热: +35.877
   第1次  装置  +35.8760 nA  波形 6250 点 [2349,59476]  回读采了 2 个   测量 1036ms 回传 1096ms
   第2次  装置  +35.8760 nA  波形 6250 点 [2380,59415]  回读采了 4 个   测量 1270ms 回传 1096ms
   第3次  装置  +35.8760 nA  波形 6250 点 [2377,59407]  回读采了 4 个   测量 1270ms 回传 1096ms
── +36.0000 nA  (43/486)
   档位 1e-07 A
    预热: +36.365
   第1次  装置  +36.3630 nA  波形 6250 点 [2463,59732]  回读采了 4 个   测量 1276ms 回传 1096ms
   第2次  装置  +36.3640 nA  波形 6250 点 [2302,59664]  回读采了 4 个   测量 1272ms 回传 1096ms
   第3次  装置  +36.3630 nA  波形 6250 点 [2389,59676]  回读采了 3 个   测量 1354ms 回传 1096ms
── +36.5000 nA  (46/486)
   档位 1e-07 A
    预热: +36.891
   第1次  装置  +36.8760 nA  波形 6250 点 [2295,59877]  回读采了 4 个   测量 1272ms 回传 1096ms
   第2次  装置  +36.8930 nA  波形 6250 点 [2169,59845]  回读采了 4 个   测量 1272ms 回传 1096ms
   第3次  装置  +36.8910 nA  波形 6250 点 [2446,59917]  回读采了 4 个   测量 1272ms 回传 1096ms
── +37.0000 nA  (49/486)
   档位 1e-07 A
    预热: +37.382
   第1次  装置  +37.3800 nA  波形 6250 点 [2310,59844]  回读采了 3 个   测量 1354ms 回传 1096ms
   第2次  装置  +37.3820 nA  波形 6250 点 [2443,59520]  回读采了 4 个   测量 1275ms 回传 1096ms
   第3次  装置  +37.3820 nA  波形 6250 点 [2447,59506]  回读采了 4 个   测量 1271ms 回传 1096ms
── +37.5000 nA  (52/486)
   档位 1e-07 A
    预热: +37.878
   第1次  装置  +37.8800 nA  波形 6250 点 [2342,59750]  回读采了 4 个   测量 1272ms 回传 1096ms
   第2次  装置  +37.8810 nA  波形 6250 点 [2416,59810]  回读采了 4 个   测量 1272ms 回传 1096ms
   第3次  装置  +37.8800 nA  波形 6250 点 [2443,59773]  回读采了 3 个   测量 1355ms 回传 1096ms
── +38.0000 nA  (55/486)
   档位 1e-07 A
    预热: +38.399
   第1次  装置  +38.3990 nA  波形 6250 点 [2389,59446]  回读采了 4 个   测量 1289ms 回传 1096ms
   第2次  装置  +38.3980 nA  波形 6250 点 [2349,59985]  回读采了 4 个   测量 1271ms 回传 1096ms
   第3次  装置  +38.3960 nA  波形 6250 点 [2433,59891]  回读采了 4 个   测量 1286ms 回传 1096ms
── +38.5000 nA  (58/486)
   档位 1e-07 A
    预热: +38.887
   第1次  装置  +38.8860 nA  波形 6250 点 [2334,59583]  回读采了 3 个   测量 1398ms 回传 1096ms
   第2次  装置  +38.8860 nA  波形 6250 点 [2295,59613]  回读采了 4 个   测量 1277ms 回传 1096ms
   第3次  装置  +38.8880 nA  波形 6250 点 [2357,59611]  回读采了 4 个   测量 1272ms 回传 1096ms
── +39.0000 nA  (61/486)
   档位 1e-07 A
    预热: +39.410
   第1次  装置  +39.4090 nA  波形 6250 点 [2510,59806]  回读采了 4 个   测量 1271ms 回传 1096ms
   第2次  装置  +39.4130 nA  波形 6250 点 [2248,59800]  回读采了 4 个   测量 1271ms 回传 1096ms
   第3次  装置  +39.4110 nA  波形 6250 点 [2431,59815]  回读采了 3 个   测量 1354ms 回传 1096ms
── +39.5000 nA  (64/486)
   档位 1e-07 A
    预热: +39.904
   第1次  装置  +39.9030 nA  波形 6250 点 [2316,59778]  回读采了 4 个   测量 1271ms 回传 1096ms
   第2次  装置  +39.9030 nA  波形 6250 点 [2350,59875]  回读采了 4 个   测量 1271ms 回传 1096ms
   第3次  装置  +39.9030 nA  波形 6250 点 [2431,59877]  回读采了 4 个   测量 1271ms 回传 1096ms
── +40.0000 nA  (67/486)
   档位 1e-07 A
    预热: +40.428
   第1次  装置  +40.4270 nA  波形 6250 点 [2455,59614]  回读采了 3 个   测量 1363ms 回传 1096ms
   第2次  装置  +40.4270 nA  波形 6250 点 [2385,59646]  回读采了 4 个   测量 1273ms 回传 1096ms
   第3次  装置  +40.4270 nA  波形 6250 点 [2361,59532]  回读采了 4 个   测量 1270ms 回传 1096ms
── +40.5000 nA  (70/486)
   档位 1e-07 A
    预热: +40.915
   第1次  装置  +40.9160 nA  波形 6250 点 [2481,59939]  回读采了 4 个   测量 1271ms 回传 1096ms
   第2次  装置  +40.9150 nA  波形 6250 点 [2422,59905]  回读采了 4 个   测量 1271ms 回传 1096ms
   第3次  装置  +40.9150 nA  波形 6250 点 [2434,59870]  回读采了 3 个   测量 1353ms 回传 1096ms
── +41.0000 nA  (73/486)
   档位 1e-07 A
    预热: +41.422
   第1次  装置  +41.4240 nA  波形 6250 点 [2443,59514]  回读采了 4 个   测量 1272ms 回传 1096ms
   第2次  装置  +41.4230 nA  波形 6250 点 [2424,59461]  回读采了 4 个   测量 1271ms 回传 1096ms
   第3次  装置  +41.4240 nA  波形 6250 点 [2463,59610]  回读采了 4 个   测量 1271ms 回传 1096ms
── +41.5000 nA  (76/486)
   档位 1e-07 A
    预热: +41.928
   第1次  装置  +41.9300 nA  波形 6250 点 [2490,59697]  回读采了 3 个   测量 1354ms 回传 1096ms
   第2次  装置  +41.9280 nA  波形 6250 点 [2392,59717]  回读采了 4 个   测量 1272ms 回传 1096ms
   第3次  装置  +41.9280 nA  波形 6250 点 [2416,59620]  回读采了 4 个   测量 1270ms 回传 1096ms
── +42.0000 nA  (79/486)
   档位 1e-07 A
    预热: +42.434
   第1次  装置  +42.4280 nA  波形 6250 点 [2484,59962]  回读采了 4 个   测量 1271ms 回传 1096ms
   第2次  装置  +42.4410 nA  波形 6250 点 [2426,59978]  回读采了 4 个   测量 1270ms 回传 1096ms
   第3次  装置  +42.4390 nA  波形 6250 点 [2366,59919]  回读采了 3 个   测量 1355ms 回传 1096ms
── +42.5000 nA  (82/486)
   档位 1e-07 A
    预热: +42.941
   第1次  装置  +42.9410 nA  波形 6250 点 [2458,60021]  回读采了 4 个   测量 1272ms 回传 1096ms
   第2次  装置  +42.9430 nA  波形 6250 点 [2418,60068]  回读采了 4 个   测量 1271ms 回传 1096ms
   第3次  装置  +42.9410 nA  波形 6250 点 [2442,59422]  回读采了 4 个   测量 1273ms 回传 1096ms
── +43.0000 nA  (85/486)
   档位 1e-07 A
    预热: +43.430
   第1次  装置  +43.4290 nA  波形 6250 点 [2451,59653]  回读采了 3 个   测量 1369ms 回传 1096ms
   第2次  装置  +43.4300 nA  波形 6250 点 [2396,59598]  回读采了 4 个   测量 1293ms 回传 1096ms
   第3次  装置  +43.4320 nA  波形 6250 点 [2470,59638]  回读采了 4 个   测量 1272ms 回传 1096ms
── +43.5000 nA  (88/486)
   档位 1e-07 A
    预热: +43.952
   第1次  装置  +43.9500 nA  波形 6250 点 [2390,59979]  回读采了 4 个   测量 1272ms 回传 1096ms
   第2次  装置  +43.9510 nA  波形 6250 点 [2532,59882]  回读采了 4 个   测量 1288ms 回传 1096ms
   第3次  装置  +43.9520 nA  波形 6250 点 [2394,59873]  回读采了 3 个   测量 1355ms 回传 1096ms
── +44.0000 nA  (91/486)
   档位 1e-07 A
    预热: +44.444
   第1次  装置  +44.4440 nA  波形 6250 点 [2509,59516]  回读采了 4 个   测量 1277ms 回传 1096ms
   第2次  装置  +44.4410 nA  波形 6250 点 [2441,59582]  回读采了 4 个   测量 1273ms 回传 1097ms
   第3次  装置  +44.4430 nA  波形 6250 点 [2444,59501]  回读采了 4 个   测量 1272ms 回传 1096ms
── +44.5000 nA  (94/486)
   档位 1e-07 A
    预热: +44.962
   第1次  装置  +44.9640 nA  波形 6250 点 [2480,59779]  回读采了 3 个   测量 1381ms 回传 1096ms
   第2次  装置  +44.9640 nA  波形 6250 点 [2506,59648]  回读采了 4 个   测量 1275ms 回传 1096ms
   第3次  装置  +44.9630 nA  波形 6250 点 [2419,59717]  回读采了 4 个   测量 1271ms 回传 1096ms
── +45.0000 nA  (97/486)
   档位 1e-07 A
    预热: +45.452
   第1次  装置  +45.4520 nA  波形 6250 点 [2413,59921]  回读采了 4 个   测量 1271ms 回传 1096ms
   第2次  装置  +45.4520 nA  波形 6250 点 [2509,59915]  回读采了 4 个   测量 1271ms 回传 1096ms
   第3次  装置  +45.4530 nA  波形 6250 点 [2482,59967]  回读采了 3 个   测量 1355ms 回传 1096ms
── -45.0000 nA  (100/486)
   档位 1e-07 A
    预热: -45.472
   第1次  装置  -45.4710 nA  波形 6250 点 [1625,59111]  回读采了 4 个   测量 1292ms 回传 1096ms
   第2次  装置  -45.4640 nA  波形 6250 点 [1612,59084]  回读采了 4 个   测量 1272ms 回传 1096ms
   第3次  装置  -45.4690 nA  波形 6250 点 [1677,59067]  回读采了 4 个   测量 1272ms 回传 1096ms
── -44.5000 nA  (103/486)
   档位 1e-07 A
    预热: -44.975
   第1次  装置  -44.9760 nA  波形 6250 点 [1714,59035]  回读采了 3 个   测量 1355ms 回传 1096ms
   第2次  装置  -44.9750 nA  波形 6250 点 [1811,59098]  回读采了 4 个   测量 1271ms 回传 1096ms
   第3次  装置  -44.9780 nA  波形 6250 点 [1805,59000]  回读采了 4 个   测量 1273ms 回传 1096ms
── -44.0000 nA  (106/486)
   档位 1e-07 A
    预热: -44.459
   第1次  装置  -44.4590 nA  波形 6250 点 [1949,59019]  回读采了 4 个   测量 1273ms 回传 1096ms
   第2次  装置  -44.4570 nA  波形 6250 点 [1981,59026]  回读采了 4 个   测量 1273ms 回传 1096ms
   第3次  装置  -44.4590 nA  波形 6250 点 [1839,59062]  回读采了 3 个   测量 1355ms 回传 1096ms
── -43.5000 nA  (109/486)
   档位 1e-07 A
    预热: -43.967
   第1次  装置  -43.9650 nA  波形 6250 点 [1554,59069]  回读采了 4 个   测量 1277ms 回传 1096ms
   第2次  装置  -43.9650 nA  波形 6250 点 [1614,59041]  回读采了 4 个   测量 1270ms 回传 1096ms
   第3次  装置  -43.9620 nA  波形 6250 点 [1622,59094]  回读采了 4 个   测量 1281ms 回传 1096ms
── -43.0000 nA  (112/486)
   档位 1e-07 A
    预热: -43.446
   第1次  装置  -43.4460 nA  波形 6250 点 [1833,59039]  回读采了 3 个   测量 1353ms 回传 1096ms
   第2次  装置  -43.4470 nA  波形 6250 点 [1849,59049]  回读采了 4 个   测量 1273ms 回传 1096ms
   第3次  装置  -43.4460 nA  波形 6250 点 [1882,59063]  回读采了 4 个   测量 1271ms 回传 1096ms
── -42.5000 nA  (115/486)
   档位 1e-07 A
    预热: -42.954
   第1次  装置  -42.9550 nA  波形 6250 点 [1607,59109]  回读采了 4 个   测量 1271ms 回传 1096ms
   第2次  装置  -42.9540 nA  波形 6250 点 [1542,59083]  回读采了 4 个   测量 1297ms 回传 1096ms
   第3次  装置  -42.9550 nA  波形 6250 点 [1501,59055]  回读采了 3 个   测量 1353ms 回传 1096ms
── -42.0000 nA  (118/486)
   档位 1e-07 A
    预热: -42.462
   第1次  装置  -42.4570 nA  波形 6250 点 [1530,59048]  回读采了 4 个   测量 1272ms 回传 1096ms
   第2次  装置  -42.4630 nA  波形 6250 点 [1578,59079]  回读采了 4 个   测量 1326ms 回传 1096ms
   第3次  装置  -42.4630 nA  波形 6250 点 [1575,59092]  回读采了 4 个   测量 1270ms 回传 1096ms
── -41.5000 nA  (121/486)
   档位 1e-07 A
    预热: -41.943
   第1次  装置  -41.9400 nA  波形 6250 点 [1794,59144]  回读采了 2 个   测量 1075ms 回传 1096ms
   第2次  装置  -41.9410 nA  波形 6250 点 [1847,59104]  回读采了 4 个   测量 1270ms 回传 1096ms
   第3次  装置  -41.9430 nA  波形 6250 点 [1859,59108]  回读采了 4 个   测量 1270ms 回传 1096ms
── -41.0000 nA  (124/486)
   档位 1e-07 A
    预热: -41.449
   第1次  装置  -41.4470 nA  波形 6250 点 [2005,59054]  回读采了 4 个   测量 1270ms 回传 1096ms
   第2次  装置  -41.4490 nA  波形 6250 点 [2006,59117]  回读采了 4 个   测量 1271ms 回传 1096ms
   第3次  装置  -41.4500 nA  波形 6250 点 [1981,59163]  回读采了 3 个   测量 1368ms 回传 1096ms
── -40.5000 nA  (127/486)
   档位 1e-07 A
    预热: -40.928
   第1次  装置  -40.9270 nA  波形 6250 点 [1674,59176]  回读采了 4 个   测量 1271ms 回传 1096ms
   第2次  装置  -40.9290 nA  波形 6250 点 [1602,59120]  回读采了 4 个   测量 1271ms 回传 1096ms
   第3次  装置  -40.9290 nA  波形 6250 点 [1644,59097]  回读采了 4 个   测量 1271ms 回传 1096ms
── -40.0000 nA  (130/486)
   档位 1e-07 A
    预热: -40.437
   第1次  装置  -40.4380 nA  波形 6250 点 [1959,59130]  回读采了 2 个   测量 1042ms 回传 1096ms
   第2次  装置  -40.4390 nA  波形 6250 点 [1929,59070]  回读采了 4 个   测量 1273ms 回传 1096ms
   第3次  装置  -40.4390 nA  波形 6250 点 [1913,59109]  回读采了 4 个   测量 1270ms 回传 1096ms
── -39.5000 nA  (133/486)
   档位 1e-07 A
    预热: -39.918
   第1次  装置  -39.9180 nA  波形 6250 点 [2186,59112]  回读采了 4 个   测量 1270ms 回传 1096ms
   第2次  装置  -39.9180 nA  波形 6250 点 [2237,59077]  回读采了 4 个   测量 1308ms 回传 1096ms
   第3次  装置  -39.9180 nA  波形 6250 点 [2217,59128]  回读采了 3 个   测量 1397ms 回传 1096ms
── -39.0000 nA  (136/486)
   档位 1e-07 A
    预热: -39.423
   第1次  装置  -39.4220 nA  波形 6250 点 [1610,59204]  回读采了 4 个   测量 1303ms 回传 1096ms
   第2次  装置  -39.4250 nA  波形 6250 点 [1590,59121]  回读采了 4 个   测量 1271ms 回传 1096ms
   第3次  装置  -39.4240 nA  波形 6250 点 [1681,59090]  回读采了 4 个   测量 1272ms 回传 1096ms
── -38.5000 nA  (139/486)
   档位 1e-07 A
    预热: -38.901
   第1次  装置  -38.9010 nA  波形 6250 点 [1880,59185]  回读采了 3 个   测量 1354ms 回传 1096ms
   第2次  装置  -38.9010 nA  波形 6250 点 [1891,59132]  回读采了 4 个   测量 1270ms 回传 1096ms
   第3次  装置  -38.9040 nA  波形 6250 点 [1886,59137]  回读采了 4 个   测量 1272ms 回传 1096ms
── -38.0000 nA  (142/486)
   档位 1e-07 A
    预热: -38.412
   第1次  装置  -38.4110 nA  波形 6250 点 [1466,59073]  回读采了 4 个   测量 1271ms 回传 1096ms
   第2次  装置  -38.4120 nA  波形 6250 点 [1567,59166]  回读采了 4 个   测量 1271ms 回传 1096ms
   第3次  装置  -38.4150 nA  波形 6250 点 [1455,59108]  回读采了 3 个   测量 1355ms 回传 1096ms
── -37.5000 nA  (145/486)
   档位 1e-07 A
    预热: -37.903
   第1次  装置  -37.9010 nA  波形 6250 点 [1684,59159]  回读采了 4 个   测量 1272ms 回传 1096ms
   第2次  装置  -37.8990 nA  波形 6250 点 [1820,59198]  回读采了 4 个   测量 1271ms 回传 1096ms
   第3次  装置  -37.9000 nA  波形 6250 点 [1711,59218]  回读采了 4 个   测量 1270ms 回传 1096ms
── -37.0000 nA  (148/486)
   档位 1e-07 A
    预热: -37.398
   第1次  装置  -37.3950 nA  波形 6250 点 [2098,59153]  回读采了 3 个   测量 1354ms 回传 1096ms
   第2次  装置  -37.3950 nA  波形 6250 点 [2104,59214]  回读采了 4 个   测量 1274ms 回传 1096ms
   第3次  装置  -37.3960 nA  波形 6250 点 [2020,59183]  回读采了 4 个   测量 1273ms 回传 1096ms
── -36.5000 nA  (151/486)
   档位 1e-07 A
    预热: -36.906
   第1次  装置  -36.9040 nA  波形 6250 点 [1534,59183]  回读采了 4 个   测量 1271ms 回传 1096ms
   第2次  装置  -36.9060 nA  波形 6250 点 [1581,59153]  回读采了 4 个   测量 1272ms 回传 1096ms
   第3次  装置  -36.9020 nA  波形 6250 点 [1811,59153]  回读采了 3 个   测量 1354ms 回传 1096ms
── -36.0000 nA  (154/486)
   档位 1e-07 A
    预热: -36.377
   第1次  装置  -36.3770 nA  波形 6250 点 [1838,59212]  回读采了 4 个   测量 1270ms 回传 1096ms
   第2次  装置  -36.3780 nA  波形 6250 点 [1851,59150]  回读采了 4 个   测量 1272ms 回传 1096ms
   第3次  装置  -36.3760 nA  波形 6250 点 [1784,59161]  回读采了 4 个   测量 1272ms 回传 1096ms
── -35.5000 nA  (157/486)
   档位 1e-07 A
    预热: -35.888
   第1次  装置  -35.8880 nA  波形 6250 点 [2086,59181]  回读采了 2 个   测量 1036ms 回传 1096ms
   第2次  装置  -35.8890 nA  波形 6250 点 [2075,59157]  回读采了 4 个   测量 1299ms 回传 1096ms
   第3次  装置  -35.8880 nA  波形 6250 点 [2126,59165]  回读采了 4 个   测量 1271ms 回传 1096ms
── -35.0000 nA  (160/486)
   档位 1e-07 A
    预热: -35.365
   第1次  装置  -35.3570 nA  波形 6250 点 [1714,59059]  回读采了 4 个   测量 1337ms 回传 1096ms
   第2次  装置  -35.3690 nA  波形 6250 点 [1680,59217]  回读采了 4 个   测量 1270ms 回传 1096ms
   第3次  装置  -35.3650 nA  波形 6250 点 [1733,59194]  回读采了 3 个   测量 1364ms 回传 1096ms
── -34.5000 nA  (163/486)
   档位 1e-07 A
    预热: -34.871
   第1次  装置  -34.8680 nA  波形 6250 点 [1951,59134]  回读采了 4 个   测量 1271ms 回传 1096ms
   第2次  装置  -34.8680 nA  波形 6250 点 [1879,59189]  回读采了 4 个   测量 1271ms 回传 1096ms
   第3次  装置  -34.8700 nA  波形 6250 点 [1934,59237]  回读采了 4 个   测量 1271ms 回传 1096ms
── -34.0000 nA  (166/486)
   档位 1e-07 A
    预热: -34.381
   第1次  装置  -34.3640 nA  波形 6250 点 [1615,59112]  回读采了 2 个   测量 1037ms 回传 1096ms
   第2次  装置  -34.3790 nA  波形 6250 点 [1552,59181]  回读采了 4 个   测量 1271ms 回传 1096ms
   第3次  装置  -34.3770 nA  波形 6250 点 [1457,59192]  回读采了 4 个   测量 1274ms 回传 1096ms
── -33.5000 nA  (169/486)
   档位 1e-07 A
    预热: -33.848
   第1次  装置  -33.8480 nA  波形 6250 点 [1836,59225]  回读采了 4 个   测量 1272ms 回传 1096ms
   第2次  装置  -33.8490 nA  波形 6250 点 [1812,59216]  回读采了 4 个   测量 1271ms 回传 1096ms
   第3次  装置  -33.8510 nA  波形 6250 点 [1651,59222]  回读采了 3 个   测量 1353ms 回传 1096ms
── -33.0000 nA  (172/486)
   档位 1e-07 A
    预热: -33.360
   第1次  装置  -33.3600 nA  波形 6250 点 [2094,59167]  回读采了 4 个   测量 1294ms 回传 1096ms
   第2次  装置  -33.3620 nA  波形 6250 点 [1966,59240]  回读采了 4 个   测量 1272ms 回传 1096ms
   第3次  装置  -33.3610 nA  波形 6250 点 [1572,59300]  回读采了 4 个   测量 1271ms 回传 1096ms
── -32.5000 nA  (175/486)
   档位 1e-07 A
    预热: -32.857
   第1次  装置  -32.8510 nA  波形 6250 点 [1726,59264]  回读采了 2 个   测量 1036ms 回传 1096ms
   第2次  装置  -32.8540 nA  波形 6250 点 [1739,59116]  回读采了 4 个   测量 1284ms 回传 1096ms
   第3次  装置  -32.8600 nA  波形 6250 点 [1725,59181]  回读采了 4 个   测量 1296ms 回传 1096ms
── -32.0000 nA  (178/486)
   档位 1e-07 A
    预热: -32.340
   第1次  装置  -32.3400 nA  波形 6250 点 [2049,59177]  回读采了 4 个   测量 1270ms 回传 1096ms
   第2次  装置  -32.3410 nA  波形 6250 点 [2012,59212]  回读采了 4 个   测量 1271ms 回传 1096ms
   第3次  装置  -32.3400 nA  波形 6250 点 [1720,59285]  回读采了 3 个   测量 1354ms 回传 1096ms
── -31.5000 nA  (181/486)
   档位 1e-07 A
    预热: -31.846
   第1次  装置  -31.8470 nA  波形 6250 点 [1714,59228]  回读采了 4 个   测量 1272ms 回传 1096ms
   第2次  装置  -31.8470 nA  波形 6250 点 [1745,59267]  回读采了 4 个   测量 1274ms 回传 1096ms
   第3次  装置  -31.8510 nA  波形 6250 点 [1718,59183]  回读采了 4 个   测量 1270ms 回传 1096ms
── -31.0000 nA  (184/486)
   档位 1e-07 A
    预热: -31.329
   第1次  装置  -31.3240 nA  波形 6250 点 [1874,59247]  回读采了 3 个   测量 1355ms 回传 1096ms
   第2次  装置  -31.3250 nA  波形 6250 点 [1971,59272]  回读采了 4 个   测量 1271ms 回传 1096ms
   第3次  装置  -31.3240 nA  波形 6250 点 [1873,59152]  回读采了 4 个   测量 1309ms 回传 1096ms
── -30.5000 nA  (187/486)
   档位 1e-07 A
    预热: -30.829
   第1次  装置  -30.8270 nA  波形 6250 点 [1532,59216]  回读采了 4 个   测量 1270ms 回传 1096ms
   第2次  装置  -30.8280 nA  波形 6250 点 [2169,59123]  回读采了 4 个   测量 1274ms 回传 1096ms
   第3次  装置  -30.8270 nA  波形 6250 点 [1668,59240]  回读采了 3 个   测量 1354ms 回传 1096ms
── -30.0000 nA  (190/486)
   档位 1e-07 A
    预热: -30.331
   第1次  装置  -30.3290 nA  波形 6250 点 [1753,59162]  回读采了 4 个   测量 1271ms 回传 1096ms
   第2次  装置  -30.3300 nA  波形 6250 点 [1725,59263]  回读采了 4 个   测量 1270ms 回传 1096ms
   第3次  装置  -30.3290 nA  波形 6250 点 [1787,59227]  回读采了 4 个   测量 1270ms 回传 1096ms
── -29.5000 nA  (193/486)
   档位 1e-07 A
    预热: -29.805
   第1次  装置  -29.8050 nA  波形 6250 点 [2073,59276]  回读采了 3 个   测量 1354ms 回传 1096ms
   第2次  装置  -29.8040 nA  波形 6250 点 [1783,59164]  回读采了 4 个   测量 1271ms 回传 1096ms
   第3次  装置  -29.8030 nA  波形 6250 点 [1868,59271]  回读采了 4 个   测量 1271ms 回传 1096ms
── -29.0000 nA  (196/486)
   档位 1e-07 A
    预热: -29.310
   第1次  装置  -29.3070 nA  波形 6250 点 [1700,59181]  回读采了 4 个   测量 1274ms 回传 1096ms
   第2次  装置  -29.3080 nA  波形 6250 点 [1713,59219]  回读采了 4 个   测量 1271ms 回传 1096ms
   第3次  装置  -29.3070 nA  波形 6250 点 [1660,59243]  回读采了 3 个   测量 1354ms 回传 1096ms
── -28.5000 nA  (199/486)
   档位 1e-07 A
    预热: -28.818
   第1次  装置  -28.8170 nA  波形 6250 点 [2126,59208]  回读采了 4 个   测量 1270ms 回传 1096ms
   第2次  装置  -28.8180 nA  波形 6250 点 [2100,59267]  回读采了 4 个   测量 1325ms 回传 1096ms
   第3次  装置  -28.8170 nA  波形 6250 点 [2078,59208]  回读采了 4 个   测量 1307ms 回传 1096ms
── -28.0000 nA  (202/486)
   档位 1e-07 A
    预热: -28.300
   第1次  装置  -28.2950 nA  波形 6250 点 [1632,59227]  回读采了 3 个   测量 1357ms 回传 1096ms
   第2次  装置  -28.3010 nA  波形 6250 点 [1660,59216]  回读采了 4 个   测量 1305ms 回传 1096ms
   第3次  装置  -28.2910 nA  波形 6250 点 [1701,59326]  回读采了 4 个   测量 1300ms 回传 1096ms
── -27.5000 nA  (205/486)
   档位 1e-07 A
    预热: -27.792
   第1次  装置  -27.7930 nA  波形 6250 点 [2015,59252]  回读采了 4 个   测量 1271ms 回传 1096ms
   第2次  装置  -27.7910 nA  波形 6250 点 [1715,59241]  回读采了 4 个   测量 1275ms 回传 1096ms
   第3次  装置  -27.7930 nA  波形 6250 点 [2007,59249]  回读采了 3 个   测量 1353ms 回传 1096ms
── -27.0000 nA  (208/486)
   档位 1e-07 A
    预热: -27.300
   第1次  装置  -27.2960 nA  波形 6250 点 [1627,59252]  回读采了 4 个   测量 1271ms 回传 1096ms
   第2次  装置  -27.2980 nA  波形 6250 点 [1714,59227]  回读采了 4 个   测量 1273ms 回传 1096ms
   第3次  装置  -27.2990 nA  波形 6250 点 [1688,59266]  回读采了 4 个   测量 1273ms 回传 1096ms
── -26.5000 nA  (211/486)
   档位 1e-07 A
    预热: -26.788
   第1次  装置  -26.7870 nA  波形 6250 点 [1959,59243]  回读采了 2 个   测量 1044ms 回传 1096ms
   第2次  装置  -26.7870 nA  波形 6250 点 [1965,59225]  回读采了 4 个   测量 1270ms 回传 1096ms
   第3次  装置  -26.7880 nA  波形 6250 点 [1983,59298]  回读采了 4 个   测量 1271ms 回传 1096ms
── -26.0000 nA  (214/486)
   档位 1e-07 A
    预热: -26.277
   第1次  装置  -26.2750 nA  波形 6250 点 [1828,59283]  回读采了 4 个   测量 1272ms 回传 1096ms
   第2次  装置  -26.2750 nA  波形 6250 点 [1778,59186]  回读采了 4 个   测量 1271ms 回传 1096ms
   第3次  装置  -26.2750 nA  波形 6250 点 [1681,59267]  回读采了 3 个   测量 1353ms 回传 1096ms
── -25.5000 nA  (217/486)
   档位 1e-07 A
    预热: -25.779
   第1次  装置  -25.7780 nA  波形 6250 点 [1860,59243]  回读采了 4 个   测量 1271ms 回传 1096ms
   第2次  装置  -25.7780 nA  波形 6250 点 [1974,59270]  回读采了 4 个   测量 1272ms 回传 1096ms
   第3次  装置  -25.7790 nA  波形 6250 点 [1878,59352]  回读采了 4 个   测量 1274ms 回传 1096ms
── -25.0000 nA  (220/486)
   档位 1e-07 A
    预热: -25.283
   第1次  装置  -25.2670 nA  波形 6250 点 [1778,59332]  回读采了 2 个   测量 1036ms 回传 1096ms
   第2次  装置  -25.2780 nA  波形 6250 点 [1686,59232]  回读采了 4 个   测量 1271ms 回传 1096ms
   第3次  装置  -25.2770 nA  波形 6250 点 [1765,59210]  回读采了 4 个   测量 1271ms 回传 1096ms
── -24.5000 nA  (223/486)
   档位 1e-07 A
    预热: -24.749
   第1次  装置  -24.7510 nA  波形 6250 点 [1959,59306]  回读采了 4 个   测量 1271ms 回传 1096ms
   第2次  装置  -24.7500 nA  波形 6250 点 [1904,59230]  回读采了 4 个   测量 1270ms 回传 1096ms
   第3次  装置  -24.7480 nA  波形 6250 点 [1893,59275]  回读采了 2 个   测量 1089ms 回传 1096ms
── -24.0000 nA  (226/486)
   档位 1e-07 A
    预热: -24.260
   第1次  装置  -24.2620 nA  波形 6250 点 [1696,59284]  回读采了 4 个   测量 1284ms 回传 1096ms
   第2次  装置  -24.2610 nA  波形 6250 点 [1644,59290]  回读采了 4 个   测量 1270ms 回传 1096ms
   第3次  装置  -24.2600 nA  波形 6250 点 [1813,59260]  回读采了 4 个   测量 1303ms 回传 1096ms
── -23.5000 nA  (229/486)
   档位 1e-07 A
    预热: -23.763
   第1次  装置  -23.7610 nA  波形 6250 点 [1908,59203]  回读采了 2 个   测量 1036ms 回传 1096ms
   第2次  装置  -23.7600 nA  波形 6250 点 [1951,59259]  回读采了 4 个   测量 1330ms 回传 1096ms
   第3次  装置  -23.7600 nA  波形 6250 点 [2008,59271]  回读采了 4 个   测量 1271ms 回传 1096ms
── -23.0000 nA  (232/486)
   档位 1e-07 A
    预热: -23.248
   第1次  装置  -23.2490 nA  波形 6250 点 [1675,59386]  回读采了 4 个   测量 1275ms 回传 1096ms
   第2次  装置  -23.2450 nA  波形 6250 点 [1845,59313]  回读采了 4 个   测量 1270ms 回传 1096ms
   第3次  装置  -23.2440 nA  波形 6250 点 [1834,59240]  回读采了 3 个   测量 1353ms 回传 1096ms
── -22.5000 nA  (235/486)
   档位 1e-07 A
    预热: -22.731
   第1次  装置  -22.7300 nA  波形 6250 点 [2018,59209]  回读采了 4 个   测量 1271ms 回传 1096ms
   第2次  装置  -22.7320 nA  波形 6250 点 [2017,59327]  回读采了 4 个   测量 1270ms 回传 1096ms
   第3次  装置  -22.7310 nA  波形 6250 点 [1980,59293]  回读采了 4 个   测量 1317ms 回传 1096ms
── -22.0000 nA  (238/486)
   档位 1e-07 A
    预热: -22.239
   第1次  装置  -22.2370 nA  波形 6250 点 [1793,59310]  回读采了 2 个   测量 1036ms 回传 1096ms
   第2次  装置  -22.2330 nA  波形 6250 点 [1780,59286]  回读采了 4 个   测量 1270ms 回传 1096ms
   第3次  装置  -22.2360 nA  波形 6250 点 [1721,59340]  回读采了 4 个   测量 1276ms 回传 1096ms
── -21.5000 nA  (241/486)
   档位 1e-07 A
    预热: -21.745
   第1次  装置  -21.7250 nA  波形 6250 点 [2035,59245]  回读采了 4 个   测量 1270ms 回传 1096ms
   第2次  装置  -21.7460 nA  波形 6250 点 [1984,59291]  回读采了 4 个   测量 1271ms 回传 1096ms
   第3次  装置  -21.7470 nA  波形 6250 点 [2035,59284]  回读采了 2 个   测量 1036ms 回传 1096ms
── -21.0000 nA  (244/486)
   档位 1e-07 A
    预热: -21.233
   第1次  装置  -21.2330 nA  波形 6250 点 [1775,59323]  回读采了 4 个   测量 1287ms 回传 1096ms
   第2次  装置  -21.2310 nA  波形 6250 点 [1931,59309]  回读采了 4 个   测量 1272ms 回传 1096ms
   第3次  装置  -21.2310 nA  波形 6250 点 [1802,59361]  回读采了 4 个   测量 1271ms 回传 1096ms
── -20.5000 nA  (247/486)
   档位 1e-07 A
    预热: -20.711
   第1次  装置  -20.7110 nA  波形 6250 点 [2149,59312]  回读采了 2 个   测量 1036ms 回传 1096ms
   第2次  装置  -20.7140 nA  波形 6250 点 [2176,59266]  回读采了 4 个   测量 1271ms 回传 1096ms
   第3次  装置  -20.7140 nA  波形 6250 点 [2018,59373]  回读采了 4 个   测量 1273ms 回传 1096ms
── -20.0000 nA  (250/486)
   档位 1e-07 A
    预热: -20.209
   第1次  装置  -20.2110 nA  波形 6250 点 [1920,59237]  回读采了 4 个   测量 1325ms 回传 1096ms
   第2次  装置  -20.2100 nA  波形 6250 点 [1873,59305]  回读采了 4 个   测量 1271ms 回传 1096ms
   第3次  装置  -20.2120 nA  波形 6250 点 [1822,59362]  回读采了 2 个   测量 1035ms 回传 1096ms
── -19.5000 nA  (253/486)
   档位 1e-07 A
    预热: -19.717
   第1次  装置  -19.7180 nA  波形 6250 点 [1754,59314]  回读采了 4 个   测量 1270ms 回传 1096ms
   第2次  装置  -19.7190 nA  波形 6250 点 [1725,59400]  回读采了 4 个   测量 1270ms 回传 1096ms
   第3次  装置  -19.7200 nA  波形 6250 点 [1698,59254]  回读采了 4 个   测量 1271ms 回传 1096ms
── -19.0000 nA  (256/486)
   档位 1e-07 A
    预热: -19.223
   第1次  装置  -19.2020 nA  波形 6250 点 [1986,59361]  回读采了 2 个   测量 1036ms 回传 1096ms
   第2次  装置  -19.2210 nA  波形 6250 点 [2017,59251]  回读采了 4 个   测量 1271ms 回传 1096ms
   第3次  装置  -19.2230 nA  波形 6250 点 [1861,59342]  回读采了 4 个   测量 1271ms 回传 1096ms
── -18.5000 nA  (259/486)
   档位 1e-07 A
    预热: -18.692
   第1次  装置  -18.6940 nA  波形 6250 点 [1782,59336]  回读采了 4 个   测量 1271ms 回传 1096ms
   第2次  装置  -18.6940 nA  波形 6250 点 [1803,59355]  回读采了 4 个   测量 1271ms 回传 1096ms
   第3次  装置  -18.6950 nA  波形 6250 点 [1770,59325]  回读采了 2 个   测量 1036ms 回传 1096ms
── -18.0000 nA  (262/486)
   档位 1e-07 A
    预热: -18.189
   第1次  装置  -18.1860 nA  波形 6250 点 [1999,59310]  回读采了 4 个   测量 1271ms 回传 1096ms
   第2次  装置  -18.1900 nA  波形 6250 点 [2031,59360]  回读采了 4 个   测量 1282ms 回传 1096ms
   第3次  装置  -18.1900 nA  波形 6250 点 [2094,59327]  回读采了 4 个   测量 1270ms 回传 1096ms
── -17.5000 nA  (265/486)
   档位 1e-07 A
    预热: -17.686
   第1次  装置  -17.6880 nA  波形 6250 点 [1867,59363]  回读采了 2 个   测量 1035ms 回传 1096ms
   第2次  装置  -17.6870 nA  波形 6250 点 [1891,59294]  回读采了 4 个   测量 1272ms 回传 1096ms
   第3次  装置  -17.6890 nA  波形 6250 点 [1821,59350]  回读采了 4 个   测量 1273ms 回传 1096ms
── -17.0000 nA  (268/486)
   档位 1e-07 A
    预热: -17.195
   第1次  装置  -17.1750 nA  波形 6250 点 [1850,59318]  回读采了 4 个   测量 1318ms 回传 1096ms
   第2次  装置  -17.1950 nA  波形 6250 点 [1845,59366]  回读采了 4 个   测量 1272ms 回传 1096ms
   第3次  装置  -17.1970 nA  波形 6250 点 [1949,59341]  回读采了 2 个   测量 1038ms 回传 1096ms
── -16.5000 nA  (271/486)
   档位 1e-07 A
    预热: -16.693
   第1次  装置  -16.6750 nA  波形 6250 点 [2040,59393]  回读采了 4 个   测量 1272ms 回传 1096ms
   第2次  装置  -16.6910 nA  波形 6250 点 [1896,59250]  回读采了 4 个   测量 1271ms 回传 1096ms
   第3次  装置  -16.6910 nA  波形 6250 点 [1919,59329]  回读采了 4 个   测量 1273ms 回传 1096ms
── -16.0000 nA  (274/486)
   档位 1e-07 A
    预热: -16.166
   第1次  装置  -16.1690 nA  波形 6250 点 [1867,59387]  回读采了 2 个   测量 1036ms 回传 1096ms
   第2次  装置  -16.1720 nA  波形 6250 点 [1923,59398]  回读采了 4 个   测量 1271ms 回传 1096ms
   第3次  装置  -16.1710 nA  波形 6250 点 [1783,59313]  回读采了 4 个   测量 1270ms 回传 1096ms
── -15.5000 nA  (277/486)
   档位 1e-07 A
    预热: -15.662
   第1次  装置  -15.6590 nA  波形 6250 点 [1910,59300]  回读采了 4 个   测量 1272ms 回传 1096ms
   第2次  装置  -15.6600 nA  波形 6250 点 [2181,59498]  回读采了 4 个   测量 1271ms 回传 1096ms
   第3次  装置  -15.6600 nA  波形 6250 点 [1833,59356]  回读采了 2 个   测量 1036ms 回传 1096ms
── -15.0000 nA  (280/486)
   档位 1e-07 A
    预热: -15.157
   第1次  装置  -15.1560 nA  波形 6250 点 [1844,59324]  回读采了 4 个   测量 1272ms 回传 1096ms
   第2次  装置  -15.1580 nA  波形 6250 点 [1922,59373]  回读采了 4 个   测量 1304ms 回传 1096ms
   第3次  装置  -15.1580 nA  波形 6250 点 [1977,59348]  回读采了 4 个   测量 1271ms 回传 1096ms
── -14.5000 nA  (283/486)
   档位 1e-07 A
    预热: -14.663
   第1次  装置  -14.6590 nA  波形 6250 点 [1804,59398]  回读采了 2 个   测量 1035ms 回传 1096ms
   第2次  装置  -14.6630 nA  波形 6250 点 [1858,59375]  回读采了 4 个   测量 1285ms 回传 1096ms
   第3次  装置  -14.6650 nA  波形 6250 点 [1822,59274]  回读采了 4 个   测量 1270ms 回传 1096ms
── -14.0000 nA  (286/486)
   档位 1e-07 A
    预热: -14.166
   第1次  装置  -14.1460 nA  波形 6250 点 [1851,59352]  回读采了 4 个   测量 1271ms 回传 1096ms
   第2次  装置  -14.1650 nA  波形 6250 点 [1788,59369]  回读采了 4 个   测量 1280ms 回传 1096ms
   第3次  装置  -14.1650 nA  波形 6250 点 [1888,59338]  回读采了 2 个   测量 1038ms 回传 1096ms
── -13.5000 nA  (289/486)
   档位 1e-07 A
    预热: -13.658
   第1次  装置  -13.6450 nA  波形 6250 点 [2085,59384]  回读采了 4 个   测量 1269ms 回传 1096ms
   第2次  装置  -13.6590 nA  波形 6250 点 [1970,59384]  回读采了 4 个   测量 1270ms 回传 1096ms
   第3次  装置  -13.6560 nA  波形 6250 点 [1987,59406]  回读采了 4 个   测量 1272ms 回传 1096ms
── -13.0000 nA  (292/486)
   档位 1e-07 A
    预热: -13.144
   第1次  装置  -13.1430 nA  波形 6250 点 [1912,59355]  回读采了 2 个   测量 1036ms 回传 1096ms
   第2次  装置  -13.1420 nA  波形 6250 点 [1888,59422]  回读采了 4 个   测量 1298ms 回传 1096ms
   第3次  装置  -13.1430 nA  波形 6250 点 [1850,59308]  回读采了 4 个   测量 1271ms 回传 1096ms
── -12.5000 nA  (295/486)
   档位 1e-07 A
    预热: -12.627
   第1次  装置  -12.6270 nA  波形 6250 点 [1885,59383]  回读采了 4 个   测量 1271ms 回传 1096ms
   第2次  装置  -12.6270 nA  波形 6250 点 [1834,59345]  回读采了 4 个   测量 1276ms 回传 1096ms
   第3次  装置  -12.6250 nA  波形 6250 点 [1893,59355]  回读采了 2 个   测量 1037ms 回传 1096ms
── -12.0000 nA  (298/486)
   档位 1e-07 A
    预热: -12.127
   第1次  装置  -12.1220 nA  波形 6250 点 [2073,59379]  回读采了 4 个   测量 1271ms 回传 1096ms
   第2次  装置  -12.1230 nA  波形 6250 点 [1841,59399]  回读采了 4 个   测量 1271ms 回传 1096ms
   第3次  装置  -12.1240 nA  波形 6250 点 [1869,59357]  回读采了 4 个   测量 1329ms 回传 1096ms
── -11.5000 nA  (301/486)
   档位 1e-07 A
    预热: -11.625
   第1次  装置  -11.6220 nA  波形 6250 点 [1918,59357]  回读采了 2 个   测量 1036ms 回传 1096ms
   第2次  装置  -11.6230 nA  波形 6250 点 [1981,59408]  回读采了 4 个   测量 1270ms 回传 1096ms
   第3次  装置  -11.6220 nA  波形 6250 点 [1901,59448]  回读采了 4 个   测量 1270ms 回传 1096ms
── -11.0000 nA  (304/486)
   档位 1e-07 A
    预热: -11.126
   第1次  装置  -11.1130 nA  波形 6250 点 [1846,59259]  回读采了 4 个   测量 1271ms 回传 1096ms
   第2次  装置  -11.1280 nA  波形 6250 点 [1945,59239]  回读采了 4 个   测量 1271ms 回传 1096ms
   第3次  装置  -11.1240 nA  波形 6250 点 [1855,59405]  回读采了 2 个   测量 1037ms 回传 1096ms
── -10.5000 nA  (307/486)
   档位 1e-07 A
    预热: -10.627
   第1次  装置  -10.6090 nA  波形 6250 点 [1997,59455]  回读采了 4 个   测量 1271ms 回传 1096ms
   第2次  装置  -10.6290 nA  波形 6250 点 [1838,59415]  回读采了 4 个   测量 1271ms 回传 1096ms
   第3次  装置  -10.6270 nA  波形 6250 点 [1844,59381]  回读采了 4 个   测量 1277ms 回传 1096ms
── -10.0000 nA  (310/486)
   档位 1e-08 A
    预热: -10.119
   第1次  装置  -10.1010 nA  波形 6250 点 [1761,59399]  回读采了 2 个   测量 1185ms 回传 1096ms
   第2次  装置  -10.1210 nA  波形 6250 点 [1885,59353]  回读采了 3 个   测量 1180ms 回传 1096ms
   第3次  装置  -10.1200 nA  波形 6250 点 [1922,59432]  回读采了 3 个   测量 1178ms 回传 1096ms
──  -9.5000 nA  (313/486)
   档位 1e-08 A
    预热: -9.610
   第1次  装置   -9.6010 nA  波形 6250 点 [1907,59415]  回读采了 3 个   测量 1179ms 回传 1096ms
   第2次  装置   -9.6090 nA  波形 6250 点 [1995,59417]  回读采了 3 个   测量 1179ms 回传 1096ms
   第3次  装置   -9.6100 nA  波形 6250 点 [1900,59400]  回读采了 2 个   测量 1186ms 回传 1096ms
──  -9.0000 nA  (316/486)
   档位 1e-08 A
    预热: -9.099
   第1次  装置   -9.0970 nA  波形 6250 点 [1952,59349]  回读采了 3 个   测量 1178ms 回传 1096ms
   第2次  装置   -9.0970 nA  波形 6250 点 [1942,59319]  回读采了 3 个   测量 1179ms 回传 1096ms
   第3次  装置   -9.0980 nA  波形 6250 点 [1869,59388]  回读采了 3 个   测量 1179ms 回传 1096ms
──  -8.5000 nA  (319/486)
   档位 1e-08 A
    预热: -8.582
   第1次  装置   -8.5830 nA  波形 6250 点 [1685,59548]  回读采了 2 个   测量 1186ms 回传 1096ms
   第2次  装置   -8.5830 nA  波形 6250 点 [2030,59409]  回读采了 3 个   测量 1179ms 回传 1096ms
   第3次  装置   -8.5810 nA  波形 6250 点 [1927,59428]  回读采了 3 个   测量 1181ms 回传 1096ms
──  -8.0000 nA  (322/486)
   档位 1e-08 A
    预热: -8.074
   第1次  装置   -8.0740 nA  波形 6250 点 [1877,59396]  回读采了 3 个   测量 1178ms 回传 1096ms
   第2次  装置   -8.0750 nA  波形 6250 点 [1926,59405]  回读采了 3 个   测量 1178ms 回传 1096ms
   第3次  装置   -8.0770 nA  波形 6250 点 [2042,59381]  回读采了 2 个   测量 1186ms 回传 1096ms
──  -7.5000 nA  (325/486)
   档位 1e-08 A
    预热: -7.574
   第1次  装置   -7.5750 nA  波形 6250 点 [1962,59462]  回读采了 3 个   测量 1183ms 回传 1096ms
   第2次  装置   -7.5730 nA  波形 6250 点 [1889,59459]  回读采了 3 个   测量 1178ms 回传 1096ms
   第3次  装置   -7.5750 nA  波形 6250 点 [1984,59447]  回读采了 3 个   测量 1179ms 回传 1096ms
──  -7.0000 nA  (328/486)
   档位 1e-08 A
    预热: -7.071
   第1次  装置   -7.0720 nA  波形 6250 点 [1981,59374]  回读采了 2 个   测量 1186ms 回传 1096ms
   第2次  装置   -7.0730 nA  波形 6250 点 [2083,59455]  回读采了 3 个   测量 1178ms 回传 1096ms
   第3次  装置   -7.0710 nA  波形 6250 点 [1906,59468]  回读采了 3 个   测量 1178ms 回传 1096ms
──  -6.5000 nA  (331/486)
   档位 1e-08 A
    预热: -6.571
   第1次  装置   -6.5700 nA  波形 6250 点 [1830,59535]  回读采了 3 个   测量 1178ms 回传 1096ms
   第2次  装置   -6.5710 nA  波形 6250 点 [1937,59449]  回读采了 3 个   测量 1178ms 回传 1096ms
   第3次  装置   -6.5700 nA  波形 6250 点 [1960,59439]  回读采了 2 个   测量 1186ms 回传 1096ms
──  -6.0000 nA  (334/486)
   档位 1e-08 A
    预热: -6.073
   第1次  装置   -6.0650 nA  波形 6250 点 [1910,59403]  回读采了 3 个   测量 1187ms 回传 1096ms
   第2次  装置   -6.0710 nA  波形 6250 点 [1882,59447]  回读采了 3 个   测量 1178ms 回传 1096ms
   第3次  装置   -6.0680 nA  波形 6250 点 [1904,59487]  回读采了 3 个   测量 1201ms 回传 1096ms
──  -5.5000 nA  (337/486)
   档位 1e-08 A
    预热: -5.572
   第1次  装置   -5.5570 nA  波形 6250 点 [1947,59428]  回读采了 2 个   测量 1186ms 回传 1096ms
   第2次  装置   -5.5700 nA  波形 6250 点 [1900,59405]  回读采了 3 个   测量 1179ms 回传 1096ms
   第3次  装置   -5.5700 nA  波形 6250 点 [1851,59452]  回读采了 3 个   测量 1182ms 回传 1096ms
──  -5.0000 nA  (340/486)
   档位 1e-08 A
    预热: -5.064
   第1次  装置   -5.0480 nA  波形 6250 点 [1937,59442]  回读采了 3 个   测量 1178ms 回传 1096ms
   第2次  装置   -5.0620 nA  波形 6250 点 [2071,59520]  回读采了 3 个   测量 1234ms 回传 1096ms
   第3次  装置   -5.0660 nA  波形 6250 点 [1963,59485]  回读采了 2 个   测量 1185ms 回传 1096ms

完成 342 次测量。数据在 data/dense/
