==============================================================================
密集电流网格扫描 —— 每次测量整窗回传
==============================================================================
网格:   -0.01 ~ +0.01 nA, 21 个电流点 (带符号单向)
        点表(按扫描顺序): -0.01 -0.009 -0.008 -0.007 -0.006 -0.005 -0.004 -0.003 -0.002 -0.001 +0 +0.001 +0.002 +0.003 +0.004 +0.005 +0.006 +0.007 +0.008 +0.009 +0.01
每点:   1 次   ->  共 **21 次测量**
串口:   115200 bps   (整窗 12500 字节回传 1.085 s)
窗口:   |I| <= 10000 pA 的 21 点强制 50000 ms; 其余交回固件自动
        (固件自动: >=1 nA -> 1 s, <1 nA -> 10 s)
预热:   always  (共空跑 21 次, 窗口 1000 ms)
估算:   平均每次测量 51.19 s  ->  约 **19 分钟**
  拆开: 整定 3.0 s/点 | 测量 x1/点 | 预热 x1/点
存档:   data/lin_10nA/raw.csv  (26 列, 每行写完立刻落盘)
        data/lin_10nA/w_*.npz  (整窗 6250 点)

    装置就绪 (COM9 @ 115200 bps)
    型号: 2636B
──  -0.0100 nA  (1/21)
   窗口: WIN 50000ms (312500 ticks)
   档位 1e-09 A
    预热: -0.006
   第1次  装置   -0.0090 nA  波形 6250 点 [1996,59434]  回读采了 10 个   测量 50552ms 回传 1097ms
──  -0.0090 nA  (2/21)
   窗口: WIN 50000ms (312500 ticks)
   档位 1e-09 A
    预热: -0.009
   第1次  装置   -0.0080 nA  波形 6250 点 [1961,59479]  回读采了 10 个   测量 50525ms 回传 1096ms
──  -0.0080 nA  (3/21)
   窗口: WIN 50000ms (312500 ticks)
   档位 1e-09 A
    预热: -0.004
