==============================================================================
密集电流网格扫描 —— 每次测量整窗回传
==============================================================================
网格:   -0.01 ~ +0.01 nA, 22 个电流点 (正负都有)
        点表: 0 0.001 0.002 0.003 0.004 0.005 0.006 0.007 0.008 0.009 0.01
每点:   1 次   ->  共 **22 次测量**
串口:   115200 bps   (整窗 12500 字节回传 1.085 s)
窗口:   |I| <= 10000 pA 的 22 点强制 50000 ms; 其余交回固件自动
        (固件自动: >=1 nA -> 1 s, <1 nA -> 10 s)
预热:   always  (共空跑 22 次, 窗口 1000 ms)
估算:   平均每次测量 51.19 s  ->  约 **20 分钟**
  拆开: 整定 3.0 s/点 | 测量 x1/点 | 预热 x1/点
存档:   data/lin_10nA_mirror/raw.csv  (26 列, 每行写完立刻落盘)
        data/lin_10nA_mirror/w_*.npz  (整窗 6250 点)

    装置就绪 (COM9 @ 115200 bps)
    型号: 2636B
──  +0.0000 nA  (1/22)
   窗口: WIN 50000ms (312500 ticks)
   档位 1e-09 A
    预热: +0.004
   第1次  装置   +0.0000 nA  波形 6250 点 [1980,59509]  回读采了 10 个   测量 50532ms 回传 1097ms
──  +0.0010 nA  (2/22)
   窗口: WIN 50000ms (312500 ticks)
   档位 1e-09 A
    预热: +0.003
   第1次  装置   +0.0010 nA  波形 6250 点 [1946,59519]  回读采了 10 个   测量 50529ms 回传 1097ms
──  +0.0020 nA  (3/22)
   窗口: WIN 50000ms (312500 ticks)
   档位 1e-09 A
    预热: +0.004
   第1次  装置   +0.0020 nA  波形 6250 点 [2025,59545]  回读采了 10 个   测量 50537ms 回传 1097ms
──  +0.0030 nA  (4/22)
   窗口: WIN 50000ms (312500 ticks)
   档位 1e-09 A
    预热: +0.006
   第1次  装置   +0.0030 nA  波形 6250 点 [1973,59547]  回读采了 10 个   测量 50538ms 回传 1097ms
──  +0.0040 nA  (5/22)
   窗口: WIN 50000ms (312500 ticks)
   档位 1e-09 A
    预热: +0.005
   第1次  装置   +0.0040 nA  波形 6250 点 [2033,59513]  回读采了 10 个   测量 50539ms 回传 1097ms
──  +0.0050 nA  (6/22)
   窗口: WIN 50000ms (312500 ticks)
   档位 1e-09 A
    预热: +0.006
   第1次  装置   +0.0050 nA  波形 6250 点 [1995,59513]  回读采了 10 个   测量 50539ms 回传 1097ms
──  +0.0060 nA  (7/22)
   窗口: WIN 50000ms (312500 ticks)
   档位 1e-09 A
    预热: +0.006
   第1次  装置   +0.0060 nA  波形 6250 点 [2058,59447]  回读采了 10 个   测量 50539ms 回传 1097ms
──  +0.0070 nA  (8/22)
   窗口: WIN 50000ms (312500 ticks)
   档位 1e-09 A
    预热: +0.006
   第1次  装置   +0.0070 nA  波形 6250 点 [1944,59472]  回读采了 10 个   测量 50545ms 回传 1096ms
──  +0.0080 nA  (9/22)
   窗口: WIN 50000ms (312500 ticks)
   档位 1e-09 A
    预热: +0.006
   第1次  装置   +0.0080 nA  波形 6250 点 [1975,59484]  回读采了 10 个   测量 50539ms 回传 1096ms
──  +0.0090 nA  (10/22)
   窗口: WIN 50000ms (312500 ticks)
   档位 1e-09 A
    预热: +0.009
   第1次  装置   +0.0090 nA  波形 6250 点 [2004,59650]  回读采了 10 个   测量 50546ms 回传 1096ms
──  +0.0100 nA  (11/22)
   窗口: WIN 50000ms (312500 ticks)
   档位 1e-09 A
    预热: +0.012
   第1次  装置   +0.0100 nA  波形 6250 点 [1948,59469]  回读采了 10 个   测量 50546ms 回传 1097ms
──  -0.0100 nA  (12/22)
   窗口: WIN 50000ms (312500 ticks)
   档位 1e-09 A
    预热: -0.012
   第1次  装置   -0.0090 nA  波形 6250 点 [1890,59606]  回读采了 10 个   测量 50544ms 回传 1097ms
──  -0.0090 nA  (13/22)
   窗口: WIN 50000ms (312500 ticks)
   档位 1e-09 A
    预热: -0.006
   第1次  装置   -0.0080 nA  波形 6250 点 [1979,59372]  回读采了 10 个   测量 50538ms 回传 1096ms
──  -0.0080 nA  (14/22)
   窗口: WIN 50000ms (312500 ticks)
   档位 1e-09 A
    预热: -0.005
   第1次  装置   -0.0070 nA  波形 6250 点 [2017,59506]  回读采了 10 个   测量 50538ms 回传 1096ms
──  -0.0070 nA  (15/22)
   窗口: WIN 50000ms (312500 ticks)
   档位 1e-09 A
    预热: -0.009
   第1次  装置   -0.0060 nA  波形 6250 点 [1849,59580]  回读采了 10 个   测量 50515ms 回传 1097ms
──  -0.0060 nA  (16/22)
   窗口: WIN 50000ms (312500 ticks)
   档位 1e-09 A
    预热: -0.002
   第1次  装置   -0.0050 nA  波形 6250 点 [1983,59472]  回读采了 10 个   测量 50528ms 回传 1096ms
──  -0.0050 nA  (17/22)
   窗口: WIN 50000ms (312500 ticks)
   档位 1e-09 A
    预热: -0.006
   第1次  装置   -0.0040 nA  波形 6250 点 [2008,59552]  回读采了 10 个   测量 50519ms 回传 1097ms
──  -0.0040 nA  (18/22)
   窗口: WIN 50000ms (312500 ticks)
   档位 1e-09 A
    预热: -0.004
   第1次  装置   -0.0030 nA  波形 6250 点 [2152,59580]  回读采了 10 个   测量 50533ms 回传 1096ms
──  -0.0030 nA  (19/22)
   窗口: WIN 50000ms (312500 ticks)
   档位 1e-09 A
    预热: -0.001
   第1次  装置   -0.0020 nA  波形 6250 点 [2086,59532]  回读采了 10 个   测量 50541ms 回传 1097ms
──  -0.0020 nA  (20/22)
   窗口: WIN 50000ms (312500 ticks)
   档位 1e-09 A
    预热: -0.004
   第1次  装置   -0.0010 nA  波形 6250 点 [1968,59529]  回读采了 10 个   测量 50540ms 回传 1097ms
──  -0.0010 nA  (21/22)
   窗口: WIN 50000ms (312500 ticks)
   档位 1e-09 A
    预热: +0.001
   第1次  装置   +0.0000 nA  波形 6250 点 [2043,59455]  回读采了 10 个   测量 50537ms 回传 1097ms
──  -0.0000 nA  (22/22)
   窗口: WIN 50000ms (312500 ticks)
   档位 1e-09 A
    预热: -0.001
   第1次  装置   +0.0000 nA  波形 6250 点 [2043,59537]  回读采了 10 个   测量 50537ms 回传 1096ms

完成 22 次测量。数据在 data/lin_10nA_mirror/
