** 预设 lowI: 点表 1,2,4,6,8,10,15,20,30,50,100,200,300,500,1000,2000,4000 pA, 强制窗口 50000 ms (|I| <= 20 pA) **
==============================================================================
密集电流网格扫描 —— 每次测量整窗回传
==============================================================================
网格:   -4 ~ -0.001 nA, 17 个电流点 (只负)
        点表: 0.001 0.002 0.004 0.006 0.008 0.01 0.015 0.02 0.03 0.05 0.1 0.2 0.3 0.5 1 2 4
每点:   3 次   ->  共 **51 次测量**
串口:   115200 bps   (整窗 12500 字节回传 1.085 s)
窗口:   |I| <= 20 pA 的 8 点强制 50000 ms; 其余交回固件自动
        (固件自动: >=1 nA -> 1 s, <1 nA -> 10 s)
预热:   always  (共空跑 17 次, 窗口 1000 ms)
估算:   平均每次测量 28.42 s  ->  约 **25 分钟**
  拆开: 整定 3.0 s/点 | 测量 x3/点 | 预热 x1/点
存档:   data/lowI_neg/raw.csv  (26 列, 每行写完立刻落盘)
        data/lowI_neg/w_*.npz  (整窗 6250 点)

    装置就绪 (COM9 @ 115200 bps)
    型号: 2636B
──  -0.0010 nA  (1/51)
   窗口: WIN 50000ms (312500 ticks)
   档位 1e-09 A
    预热: +0.000
   第1次  装置   +0.0000 nA  波形 6250 点 [2086,59513]  回读采了 10 个   测量 50542ms 回传 1097ms
   第2次  装置   +0.0000 nA  波形 6250 点 [2033,59522]  回读采了 10 个   测量 50538ms 回传 1096ms
   第3次  装置   +0.0000 nA  波形 6250 点 [2033,59483]  回读采了 10 个   测量 50542ms 回传 1097ms
──  -0.0020 nA  (4/51)
   窗口: WIN 50000ms (312500 ticks)
   档位 1e-09 A
    预热: +0.000
   第1次  装置   -0.0010 nA  波形 6250 点 [1979,59521]  回读采了 10 个   测量 50532ms 回传 1096ms
   第2次  装置   -0.0010 nA  波形 6250 点 [2003,59495]  回读采了 10 个   测量 50524ms 回传 1097ms
   第3次  装置   -0.0010 nA  波形 6250 点 [1961,59428]  回读采了 10 个   测量 50532ms 回传 1096ms
──  -0.0040 nA  (7/51)
   窗口: WIN 50000ms (312500 ticks)
   档位 1e-09 A
    预热: -0.001
   第1次  装置   -0.0030 nA  波形 6250 点 [2073,59539]  回读采了 10 个   测量 50506ms 回传 1096ms
   第2次  装置   -0.0030 nA  波形 6250 点 [1972,59489]  回读采了 10 个   测量 50507ms 回传 1096ms
   第3次  装置   -0.0030 nA  波形 6250 点 [1992,59549]  回读采了 10 个   测量 50509ms 回传 1096ms
──  -0.0060 nA  (10/51)
   窗口: WIN 50000ms (312500 ticks)
   档位 1e-09 A
    预热: -0.006
   第1次  装置   -0.0050 nA  波形 6250 点 [2022,59507]  回读采了 10 个   测量 50507ms 回传 1096ms
   第2次  装置   -0.0050 nA  波形 6250 点 [2011,59595]  回读采了 10 个   测量 50510ms 回传 1096ms
   第3次  装置   -0.0050 nA  波形 6250 点 [1890,59495]  回读采了 10 个   测量 50510ms 回传 1097ms
──  -0.0080 nA  (13/51)
   窗口: WIN 50000ms (312500 ticks)
   档位 1e-09 A
    预热: -0.010
   第1次  装置   -0.0070 nA  波形 6250 点 [2106,59426]  回读采了 10 个   测量 50513ms 回传 1096ms
   第2次  装置   -0.0070 nA  波形 6250 点 [1940,59504]  回读采了 10 个   测量 50509ms 回传 1096ms
   第3次  装置   -0.0070 nA  波形 6250 点 [1996,59452]  回读采了 10 个   测量 50505ms 回传 1096ms
──  -0.0100 nA  (16/51)
   窗口: WIN 50000ms (312500 ticks)
   档位 1e-09 A
    预热: -0.007
   第1次  装置   -0.0090 nA  波形 6250 点 [1955,59559]  回读采了 10 个   测量 50508ms 回传 1096ms
   第2次  装置   -0.0090 nA  波形 6250 点 [2021,59525]  回读采了 10 个   测量 50527ms 回传 1096ms
   第3次  装置   -0.0090 nA  波形 6250 点 [2060,59422]  回读采了 10 个   测量 50526ms 回传 1096ms
──  -0.0150 nA  (19/51)
   窗口: WIN 50000ms (312500 ticks)
   档位 1e-09 A
    预热: -0.014
   第1次  装置   -0.0140 nA  波形 6250 点 [1907,59533]  回读采了 10 个   测量 50532ms 回传 1096ms
   第2次  装置   -0.0140 nA  波形 6250 点 [1991,59471]  回读采了 10 个   测量 50524ms 回传 1096ms
   第3次  装置   -0.0140 nA  波形 6250 点 [1857,59423]  回读采了 10 个   测量 50507ms 回传 1096ms
──  -0.0200 nA  (22/51)
   窗口: WIN 50000ms (312500 ticks)
   档位 1e-09 A
    预热: -0.019
   第1次  装置   -0.0190 nA  波形 6250 点 [2074,59577]  回读采了 10 个   测量 50508ms 回传 1096ms
   第2次  装置   -0.0190 nA  波形 6250 点 [2023,59494]  回读采了 10 个   测量 50508ms 回传 1096ms
   第3次  装置   -0.0190 nA  波形 6250 点 [2094,59552]  回读采了 10 个   测量 50512ms 回传 1096ms
──  -0.0300 nA  (25/51)
   档位 1e-09 A
    预热: -0.028
   第1次  装置   -0.0290 nA  波形 6250 点 [2090,59540]  回读采了 9 个   测量 11225ms 回传 1096ms
   第2次  装置   -0.0290 nA  波形 6250 点 [1993,59558]  回读采了 9 个   测量 11226ms 回传 1096ms
   第3次  装置   -0.0290 nA  波形 6250 点 [1996,59547]  回读采了 9 个   测量 11226ms 回传 1096ms
──  -0.0500 nA  (28/51)
   档位 1e-09 A
    预热: -0.047
   第1次  装置   -0.0490 nA  波形 6250 点 [1999,59495]  回读采了 9 个   测量 11225ms 回传 1096ms
   第2次  装置   -0.0490 nA  波形 6250 点 [1980,59512]  回读采了 10 个   测量 12029ms 回传 1096ms
   第3次  装置   -0.0490 nA  波形 6250 点 [2059,59533]  回读采了 9 个   测量 11229ms 回传 1096ms
──  -0.1000 nA  (31/51)
   档位 1e-09 A
    预热: -0.097
   第1次  装置   -0.0990 nA  波形 6250 点 [2022,59490]  回读采了 9 个   测量 11228ms 回传 1097ms
   第2次  装置   -0.0990 nA  波形 6250 点 [1930,59476]  回读采了 9 个   测量 11231ms 回传 1097ms
   第3次  装置   -0.0990 nA  波形 6250 点 [1975,59469]  回读采了 10 个   测量 12434ms 回传 1096ms
──  -0.2000 nA  (34/51)
   档位 1e-09 A
    预热: -0.197
   第1次  装置   -0.1990 nA  波形 6250 点 [1954,59500]  回读采了 9 个   测量 11230ms 回传 1096ms
   第2次  装置   -0.1990 nA  波形 6250 点 [2026,59571]  回读采了 10 个   测量 12029ms 回传 1096ms
   第3次  装置   -0.1990 nA  波形 6250 点 [2022,59433]  回读采了 9 个   测量 11230ms 回传 1096ms
──  -0.3000 nA  (37/51)
   档位 1e-09 A
    预热: -0.298
   第1次  装置   -0.2990 nA  波形 6250 点 [2040,59440]  回读采了 9 个   测量 11230ms 回传 1096ms
   第2次  装置   -0.2990 nA  波形 6250 点 [1940,59517]  回读采了 9 个   测量 11229ms 回传 1097ms
   第3次  装置   -0.2990 nA  波形 6250 点 [2015,59563]  回读采了 10 个   测量 12434ms 回传 1096ms
──  -0.5000 nA  (40/51)
   档位 1e-09 A
    预热: -0.496
   第1次  装置   -0.4990 nA  波形 6250 点 [1937,59515]  回读采了 9 个   测量 11233ms 回传 1096ms
   第2次  装置   -0.4990 nA  波形 6250 点 [2079,59535]  回读采了 10 个   测量 12031ms 回传 1097ms
   第3次  装置   -0.4990 nA  波形 6250 点 [2014,59472]  回读采了 9 个   测量 11231ms 回传 1097ms
──  -1.0000 nA  (43/51)
   档位 1e-09 A
    预热: -0.997
   第1次  装置   -1.0010 nA  波形 6250 点 [2117,59475]  回读采了 1 个   测量 1203ms 回传 1096ms
   第2次  装置   -0.9990 nA  波形 6250 点 [2033,59593]  回读采了 9 个   测量 11230ms 回传 1096ms
   第3次  装置   -0.9980 nA  波形 6250 点 [2075,59514]  回读采了 9 个   测量 11231ms 回传 1097ms
──  -2.0000 nA  (46/51)
   档位 1e-08 A
    预热: -1.999
   第1次  装置   -2.0020 nA  波形 6250 点 [1925,59526]  回读采了 3 个   测量 1180ms 回传 1096ms
   第2次  装置   -2.0010 nA  波形 6250 点 [2045,59512]  回读采了 3 个   测量 1180ms 回传 1097ms
   第3次  装置   -1.9980 nA  波形 6250 点 [2048,59436]  回读采了 2 个   测量 1186ms 回传 1096ms
──  -4.0000 nA  (49/51)
   档位 1e-08 A
    预热: -3.999
   第1次  装置   -4.0020 nA  波形 6250 点 [2053,59521]  回读采了 3 个   测量 1182ms 回传 1097ms
   第2次  装置   -4.0010 nA  波形 6250 点 [1887,59463]  回读采了 3 个   测量 1180ms 回传 1096ms
   第3次  装置   -4.0010 nA  波形 6250 点 [1908,59510]  回读采了 3 个   测量 1181ms 回传 1097ms

完成 51 次测量。数据在 data/lowI_neg/
