** 预设 lowI: 点表 1,2,4,6,8,10,15,20,30,50,100,200,300,500,1000,2000,4000 pA, 强制窗口 50000 ms (|I| <= 20 pA) **
==============================================================================
密集电流网格扫描 —— 每次测量整窗回传
==============================================================================
网格:   +0.001 ~ +4 nA, 17 个电流点 (只正)
        点表: 0.001 0.002 0.004 0.006 0.008 0.01 0.015 0.02 0.03 0.05 0.1 0.2 0.3 0.5 1 2 4
每点:   3 次   ->  共 **51 次测量**
串口:   115200 bps   (整窗 12500 字节回传 1.085 s)
窗口:   |I| <= 20 pA 的 8 点强制 50000 ms; 其余交回固件自动
        (固件自动: >=1 nA -> 1 s, <1 nA -> 10 s)
预热:   always  (共空跑 17 次, 窗口 1000 ms)
估算:   平均每次测量 28.42 s  ->  约 **25 分钟**
  拆开: 整定 3.0 s/点 | 测量 x3/点 | 预热 x1/点
存档:   data/lowI_pos/raw.csv  (26 列, 每行写完立刻落盘)
        data/lowI_pos/w_*.npz  (整窗 6250 点)

    装置就绪 (COM6 @ 115200 bps)
    型号: 2636B
──  +0.0010 nA  (1/51)
   窗口: WIN 50000ms (312500 ticks)
   档位 1e-09 A
    预热: +0.001
   第1次  装置   +0.0010 nA  波形 6250 点 [2066,59532]  回读采了 10 个   测量 50568ms 回传 1108ms
   第2次  装置   +0.0010 nA  波形 6250 点 [2047,59574]  回读采了 10 个   测量 50523ms 回传 1096ms
   第3次  装置   +0.0010 nA  波形 6250 点 [1938,59518]  回读采了 10 个   测量 50614ms 回传 1096ms
──  +0.0020 nA  (4/51)
   窗口: WIN 50000ms (312500 ticks)
   档位 1e-09 A
    预热: +0.000
   第1次  装置   +0.0020 nA  波形 6250 点 [2065,59543]  回读采了 10 个   测量 50528ms 回传 1096ms
   第2次  装置   +0.0020 nA  波形 6250 点 [1752,59549]  回读采了 10 个   测量 50558ms 回传 1096ms
   第3次  装置   +0.0020 nA  波形 6250 点 [2004,59511]  回读采了 10 个   测量 50616ms 回传 1096ms
──  +0.0040 nA  (7/51)
   窗口: WIN 50000ms (312500 ticks)
   档位 1e-09 A
    预热: +0.007
   第1次  装置   +0.0040 nA  波形 6250 点 [2036,59576]  回读采了 10 个   测量 50605ms 回传 1096ms
   第2次  装置   +0.0040 nA  波形 6250 点 [2002,59504]  回读采了 10 个   测量 50643ms 回传 1096ms
   第3次  装置   +0.0040 nA  波形 6250 点 [1894,59536]  回读采了 10 个   测量 50587ms 回传 1096ms
──  +0.0060 nA  (10/51)
   窗口: WIN 50000ms (312500 ticks)
   档位 1e-09 A
    预热: +0.003
   第1次  装置   +0.0060 nA  波形 **缺**  回读采了 10 个   测量 50660ms 回传 3ms
   第2次  装置   +0.0060 nA  波形 6250 点 [1958,59463]  回读采了 9 个   测量 11227ms 回传 1096ms
   第3次  装置   +0.0060 nA  波形 6250 点 [2014,59512]  回读采了 9 个   测量 11243ms 回传 1096ms
──  +0.0080 nA  (13/51)
   窗口: WIN 50000ms (312500 ticks)
   档位 1e-09 A
    预热: +0.005
   第1次  装置   +0.0080 nA  波形 6250 点 [1980,59566]  回读采了 10 个   测量 50550ms 回传 1096ms
   第2次  装置   +0.0080 nA  波形 6250 点 [2000,59473]  回读采了 10 个   测量 50559ms 回传 1096ms
   第3次  装置   +0.0080 nA  波形 6250 点 [1886,59543]  回读采了 10 个   测量 50517ms 回传 1096ms
──  +0.0100 nA  (16/51)
   窗口: WIN 50000ms (312500 ticks)
   档位 1e-09 A
    预热: +0.007
   第1次  装置   +0.0100 nA  波形 6250 点 [1798,59413]  回读采了 10 个   测量 50628ms 回传 1096ms
   第2次  装置   +0.0100 nA  波形 6250 点 [1899,59500]  回读采了 10 个   测量 50628ms 回传 1096ms
   第3次  装置   +0.0100 nA  波形 6250 点 [2124,59467]  回读采了 10 个   测量 50513ms 回传 1096ms
──  +0.0150 nA  (19/51)
   窗口: WIN 50000ms (312500 ticks)
   档位 1e-09 A
    预热: +0.011
   第1次  装置   +0.0150 nA  波形 6250 点 [2022,59525]  回读采了 10 个   测量 50558ms 回传 1096ms
   第2次  装置   +0.0150 nA  波形 6250 点 [2048,59555]  回读采了 10 个   测量 50590ms 回传 1096ms
   第3次  装置   +0.0150 nA  波形 6250 点 [2024,59443]  回读采了 10 个   测量 50731ms 回传 1096ms
──  +0.0200 nA  (22/51)
   窗口: WIN 50000ms (312500 ticks)
   档位 1e-09 A
    预热: +0.019
   第1次  装置   +0.0200 nA  波形 6250 点 [1959,59521]  回读采了 10 个   测量 50633ms 回传 1096ms
   第2次  装置   +0.0200 nA  波形 6250 点 [2075,59487]  回读采了 10 个   测量 50571ms 回传 1096ms
   第3次  装置   +0.0200 nA  波形 6250 点 [1987,59471]  回读采了 10 个   测量 50544ms 回传 1096ms
──  +0.0300 nA  (25/51)
   档位 1e-09 A
    预热: +0.031
   第1次  装置   +0.0300 nA  波形 6250 点 [1973,59465]  回读采了 9 个   测量 11225ms 回传 1096ms
   第2次  装置   +0.0300 nA  波形 6250 点 [2046,59512]  回读采了 9 个   测量 11230ms 回传 1096ms
   第3次  装置   +0.0300 nA  波形 6250 点 [1929,59592]  回读采了 9 个   测量 11228ms 回传 1096ms
──  +0.0500 nA  (28/51)
   档位 1e-09 A
    预热: +0.049
   第1次  装置   +0.0500 nA  波形 6250 点 [1851,59482]  回读采了 9 个   测量 11255ms 回传 1097ms
   第2次  装置   +0.0500 nA  波形 6250 点 [1989,59544]  回读采了 10 个   测量 12033ms 回传 1096ms
   第3次  装置   +0.0500 nA  波形 6250 点 [2013,59536]  回读采了 9 个   测量 11248ms 回传 1096ms
──  +0.1000 nA  (31/51)
   档位 1e-09 A
    预热: +0.099
   第1次  装置   +0.1000 nA  波形 6250 点 [2050,59531]  回读采了 9 个   测量 11231ms 回传 1096ms
   第2次  装置   +0.1000 nA  波形 6250 点 [2005,59542]  回读采了 9 个   测量 11228ms 回传 1096ms
   第3次  装置   +0.1000 nA  波形 6250 点 [2014,59520]  回读采了 10 个   测量 12452ms 回传 1096ms
──  +0.2000 nA  (34/51)
   档位 1e-09 A
    预热: +0.199
   第1次  装置   +0.2000 nA  波形 6250 点 [1989,59483]  回读采了 9 个   测量 11228ms 回传 1096ms
   第2次  装置   +0.2000 nA  波形 6250 点 [2069,59441]  回读采了 10 个   测量 12031ms 回传 1096ms
   第3次  装置   +0.2000 nA  波形 6250 点 [2109,59496]  回读采了 9 个   测量 11228ms 回传 1096ms
──  +0.3000 nA  (37/51)
   档位 1e-09 A
    预热: +0.300
   第1次  装置   +0.3000 nA  波形 6250 点 [1938,59482]  回读采了 9 个   测量 11309ms 回传 1096ms
   第2次  装置   +0.3000 nA  波形 6250 点 [2047,59472]  回读采了 9 个   测量 11282ms 回传 1097ms
   第3次  装置   +0.3000 nA  波形 6250 点 [1954,59566]  回读采了 10 个   测量 12590ms 回传 1096ms
──  +0.5000 nA  (40/51)
   档位 1e-09 A
    预热: +0.501
   第1次  装置   +0.5000 nA  波形 6250 点 [1969,59570]  回读采了 9 个   测量 11261ms 回传 1096ms
   第2次  装置   +0.5000 nA  波形 6250 点 [1980,59475]  回读采了 10 个   测量 12063ms 回传 1096ms
   第3次  装置   +0.5000 nA  波形 6250 点 [2091,59460]  回读采了 9 个   测量 11234ms 回传 1096ms
──  +1.0000 nA  (43/51)
   档位 1e-09 A
    预热: +0.997
   第1次  装置   +1.0040 nA  波形 6250 点 [2003,59488]  回读采了 1 个   测量 1204ms 回传 1096ms
   第2次  装置   +1.0000 nA  波形 6250 点 [2040,59527]  回读采了 1 个   测量 1609ms 回传 1096ms
   第3次  装置   +0.9990 nA  波形 6250 点 [2040,59480]  回读采了 10 个   测量 12068ms 回传 1096ms
──  +2.0000 nA  (46/51)
   档位 1e-08 A
    预热: +1.997
   第1次  装置   +2.0000 nA  波形 6250 点 [2058,59477]  回读采了 2 个   测量 1187ms 回传 1096ms
   第2次  装置   +1.9960 nA  波形 6250 点 [2033,59496]  回读采了 3 个   测量 1181ms 回传 1096ms
   第3次  装置   +1.9960 nA  波形 6250 点 [2060,59493]  回读采了 3 个   测量 1181ms 回传 1096ms
──  +4.0000 nA  (49/51)
   档位 1e-08 A
    预热: +3.996
   第1次  装置   +3.9990 nA  波形 6250 点 [2095,59634]  回读采了 3 个   测量 1179ms 回传 1096ms
   第2次  装置   +3.9960 nA  波形 6250 点 [2204,59582]  回读采了 3 个   测量 1180ms 回传 1096ms
   第3次  装置   +3.9960 nA  波形 6250 点 [2299,59600]  回读采了 2 个   测量 1187ms 回传 1096ms

完成 51 次测量。数据在 data/lowI_pos/
