================================================================================================
脉冲输入测试
================================================================================================
================================================================================================
脉冲测试点表  (18 组)
================================================================================================
   #     峰值nA     t_on       周期     占空比     I_avg        上限       余量     窗口  说明
------------------------------------------------------------------------------------------------
  A1       40    5.00ms      10ms   50.0%  20.0000   25.0000     20.0%    1 s  占空比扫描 基准
  A2       40    2.50ms      10ms   25.0%  10.0000   37.5000     73.3%    1 s  卡:bal
  A3       40    1.00ms      10ms   10.0%   4.0000   45.0000     91.1%    1 s  卡:bal
  A4       40    0.50ms      10ms    5.0%   2.0000   45.0000     95.6%    1 s  卡:rng
  A5       40    0.25ms      10ms    2.5%   1.0000   45.0000     97.8%    1 s  最小占空比
  P1       40   12.50ms      50ms   25.0%  10.0000   17.2000     41.9%    1 s  周期下限扫描: 基准
  P2       40    5.00ms      20ms   25.0%  10.0000   37.5000     73.3%    1 s  卡:bal
  P3       40    2.50ms      10ms   25.0%  10.0000   37.5000     73.3%    1 s  = §2.3 说的下限
  P4       40    1.25ms       5ms   25.0%  10.0000   37.5000     73.3%    1 s  **低于下限** 2 倍
  P5       40    0.50ms       2ms   25.0%  10.0000   37.5000     73.3%    1 s  **低于下限** 5 倍
  P6       40    0.25ms       1ms   25.0%  10.0000   37.5000     73.3%    1 s  **低于下限** 10 倍; 脉宽误差占 0.5%
  K1      400    1.00ms      10ms   10.0%  40.0000   45.0000     11.1%    1 s  峰值 8.9 倍量程  (紧)
  K2     1000    0.40ms      10ms    4.0%  40.0000   45.0000     11.1%    1 s  峰值 22 倍量程  (紧)
  K3     2000    0.20ms      10ms    2.0%  40.0000   45.0000     11.1%    1 s  峰值 44 倍量程; ton 已到最小可用值  (紧)
  K4     3000    0.20ms      15ms    1.3%  40.0000   45.0000     11.1%    1 s  峰值 67 倍量程; 纹波 600 pC  (紧)
  K5     4000    0.20ms      20ms    1.0%  40.0000   43.0000      7.0%    1 s  峰值 89 倍量程; 纹波 800 pC  (紧)
  K6     4200    0.20ms      22ms    0.9%  39.0698   40.0000      2.3%    1 s  峰值 93 倍量程; 纹波 840 pC 贴着 860 上限  (紧)
  K7     5000    0.20ms      25ms    0.8%  40.0000   34.4000    -16.3%    1 s  越界-撞轨: 纹波 1000 pC 超 860, 应当失败  ** 越界 **   [预期失败, 不判通过]
------------------------------------------------------------------------------------------------
直流对照点: 0.1  0.5  1  2  4  10  20  40  nA
  每个直流点配到的脉冲组:
       0.1 nA <- ** 无 **
       0.5 nA <- ** 无 **
         1 nA <- A5
         2 nA <- A4
         4 nA <- A3
        10 nA <- A2 P1 P2 P3 P4 P5 P6
        20 nA <- A1
        40 nA <- K1 K2 K3 K4 K5 K7

  ** 越界点 (预期失败, 用来标定失效模式): K7 **
     若这些点也通过了, 说明约束推导有误, 要回头查。

  注: B1/B2 落 10 s 窗口, 固件抽点后 1.6 ms/点, 而 t_on=1 ms < 1.6 ms
      -> 平台在存储波形里不存在, **平均照样准, 但不能做波形反演**。
  核心点 7 个 (A1 A2 A3 B1 B4 B6 C4 E1 E2 K4 K5 P3 P6), 其余 11 个为趋势点。
  预估: 核心点 3 次 + 趋势点 1 次 + 8 个直流点 3 次 ≈ 1.5 h;
        全部 3 次 ≈ 3 h。
    型号: 2636B
    装置就绪 (COM9 @ 115200 bps)

╔══ I_avg = 1 nA ══════════════════════════════════════
║ [A5] 峰值 40 nA / t_on 0.25 ms / T 10 ms / D 2.5%  (n=3)
      脉冲模式: 档位 1e-07 A (覆盖峰值 40 nA), nplc 0.00625 (孔径 0.125 ms < ton 0.25 ms)
      脉冲串 1510 个 x 10 ms = 15.1 s  (要覆盖 3 次测量)
      脉冲配置: Pulse 1 configured.
      脉冲启动: Pulse completed
      pulse 装置   +0.11267 nA   源表       +nan nA   (3 次, MODE=2)
║ [直流对照 1 nA]  (n=3)
      直流段 1 nA -> 档位 1e-09 A
      dc    装置   +0.99967 nA   源表   +0.99992 nA   (3 次, MODE=2)
╚════════════════════════════════════════════════════════════

╔══ I_avg = 2 nA ══════════════════════════════════════
║ [A4] 峰值 40 nA / t_on 0.50 ms / T 10 ms / D 5.0%  (n=3)
      脉冲模式: 档位 1e-07 A (覆盖峰值 40 nA), nplc 0.01 (孔径 0.2 ms < ton 0.5 ms)
      脉冲串 1510 个 x 10 ms = 15.1 s  (要覆盖 3 次测量)
      脉冲配置: Pulse 1 configured.
      脉冲启动: Pulse completed
      pulse 装置   +1.97000 nA   源表       +nan nA   (3 次, MODE=1)
║ [直流对照 2 nA]  (n=3)
      直流段 2 nA -> 档位 1e-08 A
      dc    装置   +1.99700 nA   源表   +1.99881 nA   (3 次, MODE=1)
╚════════════════════════════════════════════════════════════

╔══ I_avg = 4 nA ══════════════════════════════════════
║ [A3] 峰值 40 nA / t_on 1.00 ms / T 10 ms / D 10.0%  (n=3)
      脉冲模式: 档位 1e-07 A (覆盖峰值 40 nA), nplc 0.01 (孔径 0.2 ms < ton 1 ms)
      脉冲串 1510 个 x 10 ms = 15.1 s  (要覆盖 3 次测量)
      脉冲配置: Pulse 1 configured.
      脉冲启动: Pulse completed
      pulse 装置   +3.95533 nA   源表       +nan nA   (3 次, MODE=1)
║ [直流对照 4 nA]  (n=3)
      直流段 4 nA -> 档位 1e-08 A
      dc    装置   +3.99700 nA   源表   +3.99906 nA   (3 次, MODE=1)
╚════════════════════════════════════════════════════════════

╔══ I_avg = 10 nA ══════════════════════════════════════
║ [A2] 峰值 40 nA / t_on 2.50 ms / T 10 ms / D 25.0%  (n=3)
      脉冲模式: 档位 1e-07 A (覆盖峰值 40 nA), nplc 0.01 (孔径 0.2 ms < ton 2.5 ms)
      脉冲串 1510 个 x 10 ms = 15.1 s  (要覆盖 3 次测量)
      脉冲配置: Pulse 1 configured.
      脉冲启动: Pulse completed
      pulse 装置   +9.86933 nA   源表       +nan nA   (3 次, MODE=1)
║ [P1] 峰值 40 nA / t_on 12.50 ms / T 50 ms / D 25.0%  (n=3)
      脉冲模式: 档位 1e-07 A (覆盖峰值 40 nA), nplc 0.01 (孔径 0.2 ms < ton 12.5 ms)
      脉冲串 310 个 x 50 ms = 15.5 s  (要覆盖 3 次测量)
      脉冲配置: Pulse 1 configured.
      脉冲启动: Pulse completed
      pulse 装置   +9.99000 nA   源表       +nan nA   (3 次, MODE=1)
║ [P2] 峰值 40 nA / t_on 5.00 ms / T 20 ms / D 25.0%  (n=3)
      脉冲模式: 档位 1e-07 A (覆盖峰值 40 nA), nplc 0.01 (孔径 0.2 ms < ton 5 ms)
      脉冲串 760 个 x 20 ms = 15.2 s  (要覆盖 3 次测量)
      脉冲配置: Pulse 1 configured.
      脉冲启动: Pulse completed
      pulse 装置   +9.94300 nA   源表       +nan nA   (3 次, MODE=1)
║ [P3] 峰值 40 nA / t_on 2.50 ms / T 10 ms / D 25.0%  (n=3)
      脉冲模式: 档位 1e-07 A (覆盖峰值 40 nA), nplc 0.01 (孔径 0.2 ms < ton 2.5 ms)
      脉冲串 1510 个 x 10 ms = 15.1 s  (要覆盖 3 次测量)
      脉冲配置: Pulse 1 configured.
      脉冲启动: Pulse completed
      pulse 装置   +9.87700 nA   源表       +nan nA   (3 次, MODE=1)
║ [P4] 峰值 40 nA / t_on 1.25 ms / T 5 ms / D 25.0%  (n=3)
      脉冲模式: 档位 1e-07 A (覆盖峰值 40 nA), nplc 0.01 (孔径 0.2 ms < ton 1.25 ms)
      脉冲串 3010 个 x 5 ms = 15.1 s  (要覆盖 3 次测量)
      脉冲配置: Pulse 1 configured.
      脉冲启动: Pulse completed
      pulse 装置   +9.77867 nA   源表       +nan nA   (3 次, MODE=1)
║ [P5] 峰值 40 nA / t_on 0.50 ms / T 2 ms / D 25.0%  (n=3)
      脉冲模式: 档位 1e-07 A (覆盖峰值 40 nA), nplc 0.01 (孔径 0.2 ms < ton 0.5 ms)
      脉冲串 7510 个 x 2 ms = 15.0 s  (要覆盖 3 次测量)
      脉冲配置: Pulse 1 configured.
      脉冲启动: Pulse completed
      pulse 装置   +9.46533 nA   源表       +nan nA   (3 次, MODE=1)
║ [P6] 峰值 40 nA / t_on 0.25 ms / T 1 ms / D 25.0%  (n=3)
      脉冲模式: 档位 1e-07 A (覆盖峰值 40 nA), nplc 0.00625 (孔径 0.125 ms < ton 0.25 ms)
      脉冲串 15010 个 x 1 ms = 15.0 s  (要覆盖 3 次测量)
      脉冲配置: Pulse 1 configured.
      脉冲启动: Pulse completed
      pulse 装置   +8.97500 nA   源表       +nan nA   (3 次, MODE=1)
║ [直流对照 10 nA]  (n=3)
      直流段 10 nA -> 档位 1e-08 A
      dc    装置   +9.99600 nA   源表   +9.99872 nA   (3 次, MODE=1)
╚════════════════════════════════════════════════════════════

╔══ I_avg = 20 nA ══════════════════════════════════════
║ [A1] 峰值 40 nA / t_on 5.00 ms / T 10 ms / D 50.0%  (n=3)
      脉冲模式: 档位 1e-07 A (覆盖峰值 40 nA), nplc 0.01 (孔径 0.2 ms < ton 5 ms)
      脉冲串 1510 个 x 10 ms = 15.1 s  (要覆盖 3 次测量)
      脉冲配置: Pulse 1 configured.
      脉冲启动: Pulse completed
      pulse 装置  +19.77200 nA   源表       +nan nA   (3 次, MODE=1)
║ [直流对照 20 nA]  (n=3)
      直流段 20 nA -> 档位 1e-07 A
      dc    装置  +19.99567 nA   源表  +19.99744 nA   (3 次, MODE=1)
╚════════════════════════════════════════════════════════════

╔══ I_avg = 39.07 nA ══════════════════════════════════════
║ [K6] 峰值 4200 nA / t_on 0.20 ms / T 22 ms / D 0.9%  (n=3)
      脉冲模式: 档位 1e-05 A (覆盖峰值 4200 nA), nplc 0.005 (孔径 0.1 ms < ton 0.2 ms)
      脉冲串 708 个 x 22 ms = 15.2 s  (要覆盖 3 次测量)
      脉冲配置: Pulse 1 configured.
      脉冲启动: Pulse completed
      pulse 装置  +38.33367 nA   源表       +nan nA   (3 次, MODE=1)
║ [直流对照 39.07 nA]  (n=3)
      直流段 39.07 nA -> 档位 1e-07 A
      dc    装置  +39.06667 nA   源表  +39.06878 nA   (3 次, MODE=1)
╚════════════════════════════════════════════════════════════

╔══ I_avg = 40 nA ══════════════════════════════════════
║ [K1] 峰值 400 nA / t_on 1.00 ms / T 10 ms / D 10.0%  (n=3)
      脉冲模式: 档位 1e-06 A (覆盖峰值 400 nA), nplc 0.01 (孔径 0.2 ms < ton 1 ms)
      脉冲串 1510 个 x 10 ms = 15.1 s  (要覆盖 3 次测量)
      脉冲配置: Pulse 1 configured.
      脉冲启动: Pulse completed
      pulse 装置  +39.04600 nA   源表       +nan nA   (3 次, MODE=1)
║ [K2] 峰值 1000 nA / t_on 0.40 ms / T 10 ms / D 4.0%  (n=3)
      脉冲模式: 档位 1e-05 A (覆盖峰值 1000 nA), nplc 0.01 (孔径 0.2 ms < ton 0.4 ms)
      脉冲串 1510 个 x 10 ms = 15.1 s  (要覆盖 3 次测量)
      脉冲配置: Pulse 1 configured.
      脉冲启动: Pulse completed
      pulse 装置  +39.01300 nA   源表       +nan nA   (3 次, MODE=1)
║ [K3] 峰值 2000 nA / t_on 0.20 ms / T 10 ms / D 2.0%  (n=3)
      脉冲模式: 档位 1e-05 A (覆盖峰值 2000 nA), nplc 0.005 (孔径 0.1 ms < ton 0.2 ms)
      脉冲串 1510 个 x 10 ms = 15.1 s  (要覆盖 3 次测量)
      脉冲配置: Pulse 1 configured.
      脉冲启动: Pulse completed
      pulse 装置  +38.97967 nA   源表       +nan nA   (3 次, MODE=1)
║ [K4] 峰值 3000 nA / t_on 0.20 ms / T 15 ms / D 1.3%  (n=3)
      脉冲模式: 档位 1e-05 A (覆盖峰值 3000 nA), nplc 0.005 (孔径 0.1 ms < ton 0.2 ms)
      脉冲串 1010 个 x 15 ms = 15.2 s  (要覆盖 3 次测量)
      脉冲配置: Pulse 1 configured.
      脉冲启动: Pulse completed
      pulse 装置  +39.84567 nA   源表       +nan nA   (3 次, MODE=1)
║ [K5] 峰值 4000 nA / t_on 0.20 ms / T 20 ms / D 1.0%  (n=3)
      脉冲模式: 档位 1e-05 A (覆盖峰值 4000 nA), nplc 0.005 (孔径 0.1 ms < ton 0.2 ms)
      脉冲串 760 个 x 20 ms = 15.2 s  (要覆盖 3 次测量)
      脉冲配置: Pulse 1 configured.
      脉冲启动: Pulse completed
      pulse 装置  +39.48967 nA   源表       +nan nA   (3 次, MODE=1)
║ [K7] 峰值 5000 nA / t_on 0.20 ms / T 25 ms / D 0.8%  (n=3)
      脉冲模式: 档位 1e-05 A (覆盖峰值 5000 nA), nplc 0.005 (孔径 0.1 ms < ton 0.2 ms)
      脉冲串 610 个 x 25 ms = 15.2 s  (要覆盖 3 次测量)
      脉冲配置: Pulse 1 configured.
      脉冲启动: Pulse completed
      pulse 装置  +38.95467 nA   源表       +nan nA   (3 次, MODE=1)
║ [直流对照 40 nA]  (n=3)
      直流段 40 nA -> 档位 1e-07 A
      dc    装置  +39.99833 nA   源表  +39.99937 nA   (3 次, MODE=1)
╚════════════════════════════════════════════════════════════

已写 data/sweep_pulse_APK.csv (75 行)

================================================================================================
E1: 脉冲读数 vs 计算平均值 I_avg
================================================================================================
    #       峰值nA     I_avg           装置读数       偏差
   A1         40   20.0000     +19.77200  -1.140%
   A2         40   10.0000      +9.86933  -1.307%
   A3         40    4.0000      +3.95533  -1.117%
   A4         40    2.0000      +1.97000  -1.500%
   A5         40    1.0000      +0.11267 -88.733%
   P1         40   10.0000      +9.99000  -0.100%
   P2         40   10.0000      +9.94300  -0.570%
   P3         40   10.0000      +9.87700  -1.230%
   P4         40   10.0000      +9.77867  -2.213%
   P5         40   10.0000      +9.46533  -5.347%
   P6         40   10.0000      +8.97500 -10.250%
   K1        400   40.0000     +39.04600  -2.385%
   K2       1000   40.0000     +39.01300  -2.468%
   K3       2000   40.0000     +38.97967  -2.551%
   K4       3000   40.0000     +39.84567  -0.386%
   K5       4000   40.0000     +39.48967  -1.276%
   K6       4200   39.0698     +38.33367  -1.884%
   K7       5000   40.0000     +38.95467  -2.613%
------------------------------------------------------------------------------------------------
最大 |偏差| = 88.733 %   (判据 < 1.5%, 18/18 点有数据)  -> **未通过**

================================================================================================
E3 (核心): 同一 I_avg 下, 脉冲 vs 直流
================================================================================================
                 组      I_avg             脉冲             直流         差
                A5     1.0000      +0.11267      +0.99967  -88.730%
                A4     2.0000      +1.97000      +1.99700   -1.352%
                A3     4.0000      +3.95533      +3.99700   -1.042%
                A2    10.0000      +9.86933      +9.99600   -1.267%
                P1    10.0000      +9.99000      +9.99600   -0.060%
                P2    10.0000      +9.94300      +9.99600   -0.530%
                P3    10.0000      +9.87700      +9.99600   -1.190%
                P4    10.0000      +9.77867      +9.99600   -2.174%
                P5    10.0000      +9.46533      +9.99600   -5.309%
                P6    10.0000      +8.97500      +9.99600  -10.214%
                A1    20.0000     +19.77200     +19.99567   -1.119%
                K6    39.0698     +38.33367     +39.06667   -1.876%  <- 峰值 4200 nA
                K1    40.0000     +39.04600     +39.99833   -2.381%  <- 峰值 400 nA
                K2    40.0000     +39.01300     +39.99833   -2.463%  <- 峰值 1000 nA
                K3    40.0000     +38.97967     +39.99833   -2.547%  <- 峰值 2000 nA
                K4    40.0000     +39.84567     +39.99833   -0.382%  <- 峰值 3000 nA
                K5    40.0000     +39.48967     +39.99833   -1.272%  <- 峰值 4000 nA
                K7    40.0000     +38.95467     +39.99833   -2.609%  <- 峰值 5000 nA
------------------------------------------------------------------------------------------------
最大 |差| = 88.730 %   (判据 < 0.5%, 18 对)  -> **未通过**

注: 标了 '<- 峰值 ... nA' 的行是**峰值超出 ±45 nA 直流量程**的点。
    这些行若同样落在 0.5% 内, 就是"脉冲调制不影响准确度"的最强证据。
