================================================================================================
脉冲输入测试
================================================================================================
================================================================================================
脉冲测试点表  (32 组)
================================================================================================
   #     峰值nA     t_on       周期     占空比     I_avg        上限       余量     窗口  说明
------------------------------------------------------------------------------------------------
  A1       40    5.00ms      10ms   50.0%  20.0000   25.0000     20.0%    1 s  占空比扫描 基准 (50%)
  A2       40    4.00ms      10ms   40.0%  16.0000   30.0000     46.7%    1 s  40%
  A3       40    3.00ms      10ms   30.0%  12.0000   35.0000     65.7%    1 s  30%
  A4       40    2.50ms      10ms   25.0%  10.0000   37.5000     73.3%    1 s  25%
  A5       40    2.00ms      10ms   20.0%   8.0000   40.0000     80.0%    1 s  20%
  A6       40    1.50ms      10ms   15.0%   6.0000   42.5000     85.9%    1 s  15%
  A7       40    1.00ms      10ms   10.0%   4.0000   45.0000     91.1%    1 s  10%
  A8       40    0.75ms      10ms    7.5%   3.0000   45.0000     93.3%    1 s  7.5%
  A9       40    0.50ms      10ms    5.0%   2.0000   45.0000     95.6%    1 s  5%
 A10       40    0.38ms      10ms    3.8%   1.5000   45.0000     96.7%    1 s  3.75%
 A11       40    0.25ms      10ms    2.5%   1.0000   45.0000     97.8%    1 s  2.5%; I_avg=1.0 nA 落在窗口切换边界上
 A12       20    0.25ms      10ms    2.5%   0.5000   45.0000     98.9%   10 s  边界对照: I_avg=0.5 nA 在 10 s 窗口内部
  P1       40   12.50ms      50ms   25.0%  10.0000   17.2000     41.9%    1 s  基准
  P2       40    7.50ms      30ms   25.0%  10.0000   28.6667     65.1%    1 s  卡:swg
  P3       40    5.00ms      20ms   25.0%  10.0000   37.5000     73.3%    1 s  卡:bal
  P4       40    3.75ms      15ms   25.0%  10.0000   37.5000     73.3%    1 s  卡:bal
  P5       40    2.50ms      10ms   25.0%  10.0000   37.5000     73.3%    1 s  = 方案 §2.3 说的下限
  P6       40    1.75ms       7ms   25.0%  10.0000   37.5000     73.3%    1 s  低于下限
  P7       40    1.25ms       5ms   25.0%  10.0000   37.5000     73.3%    1 s  卡:bal
  P8       40    0.88ms       4ms   25.0%  10.0000   37.5000     73.3%    1 s  卡:bal
  P9       40    0.50ms       2ms   25.0%  10.0000   37.5000     73.3%    1 s  卡:bal
 P10       40    0.38ms       2ms   25.0%  10.0000   37.5000     73.3%    1 s  卡:bal
 P11       40    0.25ms       1ms   25.0%  10.0000   37.5000     73.3%    1 s  低于下限 10 倍
  K1      400    1.00ms      10ms   10.0%  40.0000   45.0000     11.1%    1 s  峰值 8.9 倍量程  (紧)
  K2     1000    0.40ms      10ms    4.0%  40.0000   45.0000     11.1%    1 s  峰值 22 倍量程  (紧)
  K3     2000    0.20ms      10ms    2.0%  40.0000   45.0000     11.1%    1 s  峰值 44 倍量程; ton 到最小可用值  (紧)
  K4     2400    0.20ms      12ms    1.7%  40.0000   45.0000     11.1%    1 s  峰值 53 倍量程  (紧)
  K5     2800    0.20ms      14ms    1.4%  40.0000   45.0000     11.1%    1 s  峰值 62 倍量程  (紧)
  K6     3200    0.20ms      16ms    1.2%  40.0000   45.0000     11.1%    1 s  峰值 71 倍量程  (紧)
  K7     3600    0.20ms      18ms    1.1%  40.0000   45.0000     11.1%    1 s  峰值 80 倍量程  (紧)
  K8     4000    0.20ms      20ms    1.0%  40.0000   43.0000      7.0%    1 s  峰值 89 倍量程  (紧)
  K9     4200    0.20ms      22ms    0.9%  39.0698   40.0000      2.3%    1 s  峰值 **93 倍**量程; 纹波 840 pC 贴着上限  (紧)
------------------------------------------------------------------------------------------------
直流对照点: 0.1  0.5  1  1.5  2  3  4  5  6  8  10  12  16  20  40  nA
  每个直流点配到的脉冲组:
       0.1 nA <- ** 无 **
       0.5 nA <- A12
         1 nA <- A11
       1.5 nA <- A10
         2 nA <- A9
         3 nA <- A8
         4 nA <- A7
         5 nA <- ** 无 **
         6 nA <- A6
         8 nA <- A5
        10 nA <- A4 P1 P2 P3 P4 P5 P6 P7 P8 P9 P10 P11
        12 nA <- A3
        16 nA <- A2
        20 nA <- A1
        40 nA <- K1 K2 K3 K4 K5 K6 K7 K8

  注: B1/B2 落 10 s 窗口, 固件抽点后 1.6 ms/点, 而 t_on=1 ms < 1.6 ms
      -> 平台在存储波形里不存在, **平均照样准, 但不能做波形反演**。
  32 个点, 不分核心/趋势 —— 重复次数由 --n / --n-core 给定。
    型号: 2636B
    装置就绪 (COM9 @ 115200 bps)

╔══ I_avg = 0.5 nA ══════════════════════════════════════
║ [A12] 峰值 20 nA / t_on 0.25 ms / T 10 ms / D 2.5%  (n=5)
      脉冲模式: 档位 1e-07 A (覆盖峰值 20 nA), nplc 0.00625 (孔径 0.125 ms < ton 0.25 ms)
      脉冲串 6210 个 x 10 ms = 62.1 s  (要覆盖 5 次测量)
      脉冲配置: Pulse 1 configured.
      脉冲启动: Pulse completed
      pulse 装置   +0.46020 nA   源表       +nan nA   (5 次, MODE=2)
║ [直流对照 0.5 nA]  (n=5)
      直流段 0.5 nA -> 档位 1e-09 A
      dc    装置   +0.50000 nA   源表   +0.49993 nA   (5 次, MODE=2)
╚════════════════════════════════════════════════════════════

╔══ I_avg = 1 nA ══════════════════════════════════════
║ [A11] 峰值 40 nA / t_on 0.25 ms / T 10 ms / D 2.5%  (n=5)
      脉冲模式: 档位 1e-07 A (覆盖峰值 40 nA), nplc 0.00625 (孔径 0.125 ms < ton 0.25 ms)
      脉冲串 1710 个 x 10 ms = 17.1 s  (要覆盖 5 次测量)
      脉冲配置: Pulse 1 configured.
      脉冲启动: Pulse completed
      pulse 装置   +0.10100 nA   源表       +nan nA   (5 次, MODE=2)
║ [直流对照 1 nA]  (n=3)
      直流段 1 nA -> 档位 1e-09 A
      dc    装置   +1.00000 nA   源表   +0.99992 nA   (3 次, MODE=2)
╚════════════════════════════════════════════════════════════

╔══ I_avg = 1.5 nA ══════════════════════════════════════
║ [A10] 峰值 40 nA / t_on 0.38 ms / T 10 ms / D 3.8%  (n=5)
      脉冲模式: 档位 1e-07 A (覆盖峰值 40 nA), nplc 0.009375 (孔径 0.188 ms < ton 0.375 ms)
      脉冲串 1710 个 x 10 ms = 17.1 s  (要覆盖 5 次测量)
      脉冲配置: Pulse 1 configured.
      脉冲启动: Pulse completed
      pulse 装置   +1.48040 nA   源表       +nan nA   (5 次, MODE=1)
║ [直流对照 1.5 nA]  (n=5)
      直流段 1.5 nA -> 档位 1e-08 A
      dc    装置   +1.49660 nA   源表   +1.49879 nA   (5 次, MODE=1)
╚════════════════════════════════════════════════════════════

╔══ I_avg = 2 nA ══════════════════════════════════════
║ [A9] 峰值 40 nA / t_on 0.50 ms / T 10 ms / D 5.0%  (n=5)
      脉冲模式: 档位 1e-07 A (覆盖峰值 40 nA), nplc 0.01 (孔径 0.2 ms < ton 0.5 ms)
      脉冲串 1710 个 x 10 ms = 17.1 s  (要覆盖 5 次测量)
      脉冲配置: Pulse 1 configured.
      脉冲启动: Pulse completed
      pulse 装置   +1.97640 nA   源表       +nan nA   (5 次, MODE=1)
║ [直流对照 2 nA]  (n=5)
      直流段 2 nA -> 档位 1e-08 A
      dc    装置   +1.99660 nA   源表   +1.99884 nA   (5 次, MODE=1)
╚════════════════════════════════════════════════════════════

╔══ I_avg = 3 nA ══════════════════════════════════════
║ [A8] 峰值 40 nA / t_on 0.75 ms / T 10 ms / D 7.5%  (n=5)
      脉冲模式: 档位 1e-07 A (覆盖峰值 40 nA), nplc 0.01 (孔径 0.2 ms < ton 0.75 ms)
      脉冲串 1710 个 x 10 ms = 17.1 s  (要覆盖 5 次测量)
      脉冲配置: Pulse 1 configured.
      脉冲启动: Pulse completed
      pulse 装置   +2.96020 nA   源表       +nan nA   (5 次, MODE=1)
║ [直流对照 3 nA]  (n=5)
      直流段 3 nA -> 档位 1e-08 A
      dc    装置   +2.99740 nA   源表   +2.99899 nA   (5 次, MODE=1)
╚════════════════════════════════════════════════════════════

╔══ I_avg = 4 nA ══════════════════════════════════════
║ [A7] 峰值 40 nA / t_on 1.00 ms / T 10 ms / D 10.0%  (n=5)
      脉冲模式: 档位 1e-07 A (覆盖峰值 40 nA), nplc 0.01 (孔径 0.2 ms < ton 1 ms)
      脉冲串 1710 个 x 10 ms = 17.1 s  (要覆盖 5 次测量)
      脉冲配置: Pulse 1 configured.
      脉冲启动: Pulse completed
      pulse 装置   +3.94340 nA   源表       +nan nA   (5 次, MODE=1)
║ [直流对照 4 nA]  (n=5)
      直流段 4 nA -> 档位 1e-08 A
      dc    装置   +3.99660 nA   源表   +3.99908 nA   (5 次, MODE=1)
╚════════════════════════════════════════════════════════════

╔══ I_avg = 6 nA ══════════════════════════════════════
║ [A6] 峰值 40 nA / t_on 1.50 ms / T 10 ms / D 15.0%  (n=5)
      脉冲模式: 档位 1e-07 A (覆盖峰值 40 nA), nplc 0.01 (孔径 0.2 ms < ton 1.5 ms)
      脉冲串 1710 个 x 10 ms = 17.1 s  (要覆盖 5 次测量)
      脉冲配置: Pulse 1 configured.
      脉冲启动: Pulse completed
      pulse 装置   +5.90980 nA   源表       +nan nA   (5 次, MODE=1)
║ [直流对照 6 nA]  (n=5)
      直流段 6 nA -> 档位 1e-08 A
      dc    装置   +5.99780 nA   源表   +5.99915 nA   (5 次, MODE=1)
╚════════════════════════════════════════════════════════════

╔══ I_avg = 8 nA ══════════════════════════════════════
║ [A5] 峰值 40 nA / t_on 2.00 ms / T 10 ms / D 20.0%  (n=5)
      脉冲模式: 档位 1e-07 A (覆盖峰值 40 nA), nplc 0.01 (孔径 0.2 ms < ton 2 ms)
      脉冲串 1710 个 x 10 ms = 17.1 s  (要覆盖 5 次测量)
      脉冲配置: Pulse 1 configured.
      脉冲启动: Pulse completed
      pulse 装置   +7.89720 nA   源表       +nan nA   (5 次, MODE=1)
║ [直流对照 8 nA]  (n=5)
      直流段 8 nA -> 档位 1e-08 A
      dc    装置   +7.99780 nA   源表   +7.99899 nA   (5 次, MODE=1)
╚════════════════════════════════════════════════════════════

╔══ I_avg = 10 nA ══════════════════════════════════════
║ [A4] 峰值 40 nA / t_on 2.50 ms / T 10 ms / D 25.0%  (n=5)
      脉冲模式: 档位 1e-07 A (覆盖峰值 40 nA), nplc 0.01 (孔径 0.2 ms < ton 2.5 ms)
      脉冲串 1710 个 x 10 ms = 17.1 s  (要覆盖 5 次测量)
      脉冲配置: Pulse 1 configured.
      脉冲启动: Pulse completed
      pulse 装置   +9.89280 nA   源表       +nan nA   (5 次, MODE=1)
║ [P1] 峰值 40 nA / t_on 12.50 ms / T 50 ms / D 25.0%  (n=5)
      脉冲模式: 档位 1e-07 A (覆盖峰值 40 nA), nplc 0.01 (孔径 0.2 ms < ton 12.5 ms)
      脉冲串 350 个 x 50 ms = 17.5 s  (要覆盖 5 次测量)
      脉冲配置: Pulse 1 configured.
      脉冲启动: Pulse completed
      pulse 装置   +9.99300 nA   源表       +nan nA   (5 次, MODE=1)
║ [P2] 峰值 40 nA / t_on 7.50 ms / T 30 ms / D 25.0%  (n=5)
      脉冲模式: 档位 1e-07 A (覆盖峰值 40 nA), nplc 0.01 (孔径 0.2 ms < ton 7.5 ms)
      脉冲串 577 个 x 30 ms = 17.3 s  (要覆盖 5 次测量)
      脉冲配置: Pulse 1 configured.
      脉冲启动: Pulse completed
      pulse 装置   +9.99460 nA   源表       +nan nA   (5 次, MODE=1)
║ [P3] 峰值 40 nA / t_on 5.00 ms / T 20 ms / D 25.0%  (n=5)
      脉冲模式: 档位 1e-07 A (覆盖峰值 40 nA), nplc 0.01 (孔径 0.2 ms < ton 5 ms)
      脉冲串 860 个 x 20 ms = 17.2 s  (要覆盖 5 次测量)
      脉冲配置: Pulse 1 configured.
      脉冲启动: Pulse completed
      pulse 装置   +9.89520 nA   源表       +nan nA   (5 次, MODE=1)
║ [P4] 峰值 40 nA / t_on 3.75 ms / T 15 ms / D 25.0%  (n=5)
      脉冲模式: 档位 1e-07 A (覆盖峰值 40 nA), nplc 0.01 (孔径 0.2 ms < ton 3.75 ms)
      脉冲串 1144 个 x 15 ms = 17.2 s  (要覆盖 5 次测量)
      脉冲配置: Pulse 1 configured.
      脉冲启动: Pulse completed
      pulse 装置   +9.90740 nA   源表       +nan nA   (5 次, MODE=1)
║ [P5] 峰值 40 nA / t_on 2.50 ms / T 10 ms / D 25.0%  (n=5)
      脉冲模式: 档位 1e-07 A (覆盖峰值 40 nA), nplc 0.01 (孔径 0.2 ms < ton 2.5 ms)
      脉冲串 1710 个 x 10 ms = 17.1 s  (要覆盖 5 次测量)
      脉冲配置: Pulse 1 configured.
      脉冲启动: Pulse completed
      pulse 装置   +9.87600 nA   源表       +nan nA   (5 次, MODE=1)
║ [P6] 峰值 40 nA / t_on 1.75 ms / T 7 ms / D 25.0%  (n=5)
      脉冲模式: 档位 1e-07 A (覆盖峰值 40 nA), nplc 0.01 (孔径 0.2 ms < ton 1.75 ms)
      脉冲串 2439 个 x 7 ms = 17.1 s  (要覆盖 5 次测量)
      脉冲配置: Pulse 1 configured.
      脉冲启动: Pulse completed
      pulse 装置   +9.82400 nA   源表       +nan nA   (5 次, MODE=1)
║ [P7] 峰值 40 nA / t_on 1.25 ms / T 5 ms / D 25.0%  (n=5)
      脉冲模式: 档位 1e-07 A (覆盖峰值 40 nA), nplc 0.01 (孔径 0.2 ms < ton 1.25 ms)
      脉冲串 3410 个 x 5 ms = 17.1 s  (要覆盖 5 次测量)
      脉冲配置: Pulse 1 configured.
      脉冲启动: Pulse completed
      pulse 装置   +9.75640 nA   源表       +nan nA   (5 次, MODE=1)
║ [P8] 峰值 40 nA / t_on 0.88 ms / T 4 ms / D 25.0%  (n=5)
      脉冲模式: 档位 1e-07 A (覆盖峰值 40 nA), nplc 0.01 (孔径 0.2 ms < ton 0.875 ms)
      脉冲串 4868 个 x 4 ms = 17.0 s  (要覆盖 5 次测量)
      脉冲配置: Pulse 1 configured.
      脉冲启动: Pulse completed
      pulse 装置   +9.66800 nA   源表       +nan nA   (5 次, MODE=1)
║ [P9] 峰值 40 nA / t_on 0.50 ms / T 2 ms / D 25.0%  (n=5)
      脉冲模式: 档位 1e-07 A (覆盖峰值 40 nA), nplc 0.01 (孔径 0.2 ms < ton 0.5 ms)
      脉冲串 8510 个 x 2 ms = 17.0 s  (要覆盖 5 次测量)
      脉冲配置: Pulse 1 configured.
      脉冲启动: Pulse completed
      pulse 装置   +9.45080 nA   源表       +nan nA   (5 次, MODE=1)
║ [P10] 峰值 40 nA / t_on 0.38 ms / T 2 ms / D 25.0%  (n=5)
      脉冲模式: 档位 1e-07 A (覆盖峰值 40 nA), nplc 0.009375 (孔径 0.188 ms < ton 0.375 ms)
      脉冲串 11344 个 x 2 ms = 17.0 s  (要覆盖 5 次测量)
      脉冲配置: Pulse 1 configured.
      脉冲启动: Pulse completed
      pulse 装置   +9.29180 nA   源表       +nan nA   (5 次, MODE=1)
║ [P11] 峰值 40 nA / t_on 0.25 ms / T 1 ms / D 25.0%  (n=5)
      脉冲模式: 档位 1e-07 A (覆盖峰值 40 nA), nplc 0.00625 (孔径 0.125 ms < ton 0.25 ms)
      脉冲串 17010 个 x 1 ms = 17.0 s  (要覆盖 5 次测量)
      脉冲配置: Pulse 1 configured.
      脉冲启动: Pulse completed
      pulse 装置   +8.98120 nA   源表       +nan nA   (5 次, MODE=1)
║ [直流对照 10 nA]  (n=5)
      直流段 10 nA -> 档位 1e-08 A
      dc    装置   +9.99700 nA   源表   +9.99876 nA   (5 次, MODE=1)
╚════════════════════════════════════════════════════════════

╔══ I_avg = 12 nA ══════════════════════════════════════
║ [A3] 峰值 40 nA / t_on 3.00 ms / T 10 ms / D 30.0%  (n=5)
      脉冲模式: 档位 1e-07 A (覆盖峰值 40 nA), nplc 0.01 (孔径 0.2 ms < ton 3 ms)
      脉冲串 1710 个 x 10 ms = 17.1 s  (要覆盖 5 次测量)
      脉冲配置: Pulse 1 configured.
      脉冲启动: Pulse completed
      pulse 装置  +11.82880 nA   源表       +nan nA   (5 次, MODE=1)
║ [直流对照 12 nA]  (n=5)
      直流段 12 nA -> 档位 1e-07 A
      dc    装置  +11.99540 nA   源表  +11.99631 nA   (5 次, MODE=1)
╚════════════════════════════════════════════════════════════

╔══ I_avg = 16 nA ══════════════════════════════════════
║ [A2] 峰值 40 nA / t_on 4.00 ms / T 10 ms / D 40.0%  (n=5)
      脉冲模式: 档位 1e-07 A (覆盖峰值 40 nA), nplc 0.01 (孔径 0.2 ms < ton 4 ms)
      脉冲串 1710 个 x 10 ms = 17.1 s  (要覆盖 5 次测量)
      脉冲配置: Pulse 1 configured.
      脉冲启动: Pulse completed
      pulse 装置  +15.73980 nA   源表       +nan nA   (5 次, MODE=1)
║ [直流对照 16 nA]  (n=5)
      直流段 16 nA -> 档位 1e-07 A
      dc    装置  +15.99480 nA   源表  +15.99773 nA   (5 次, MODE=1)
╚════════════════════════════════════════════════════════════

╔══ I_avg = 20 nA ══════════════════════════════════════
║ [A1] 峰值 40 nA / t_on 5.00 ms / T 10 ms / D 50.0%  (n=5)
      脉冲模式: 档位 1e-07 A (覆盖峰值 40 nA), nplc 0.01 (孔径 0.2 ms < ton 5 ms)
      脉冲串 1710 个 x 10 ms = 17.1 s  (要覆盖 5 次测量)
      脉冲配置: Pulse 1 configured.
      脉冲启动: Pulse completed
      pulse 装置  +19.73640 nA   源表       +nan nA   (5 次, MODE=1)
║ [直流对照 20 nA]  (n=5)
      直流段 20 nA -> 档位 1e-07 A
      dc    装置  +19.99660 nA   源表  +19.99755 nA   (5 次, MODE=1)
╚════════════════════════════════════════════════════════════

╔══ I_avg = 39.07 nA ══════════════════════════════════════
║ [K9] 峰值 4200 nA / t_on 0.20 ms / T 22 ms / D 0.9%  (n=5)
      脉冲模式: 档位 1e-05 A (覆盖峰值 4200 nA), nplc 0.005 (孔径 0.1 ms < ton 0.2 ms)
      脉冲串 801 个 x 22 ms = 17.2 s  (要覆盖 5 次测量)
      脉冲配置: Pulse 1 configured.
      脉冲启动: Pulse completed
      pulse 装置  +38.35900 nA   源表       +nan nA   (5 次, MODE=1)
║ [直流对照 39.07 nA]  (n=5)
      直流段 39.07 nA -> 档位 1e-07 A
      dc    装置  +39.06740 nA   源表  +39.06914 nA   (5 次, MODE=1)
╚════════════════════════════════════════════════════════════

╔══ I_avg = 40 nA ══════════════════════════════════════
║ [K1] 峰值 400 nA / t_on 1.00 ms / T 10 ms / D 10.0%  (n=5)
      脉冲模式: 档位 1e-06 A (覆盖峰值 400 nA), nplc 0.01 (孔径 0.2 ms < ton 1 ms)
      脉冲串 1710 个 x 10 ms = 17.1 s  (要覆盖 5 次测量)
      脉冲配置: Pulse 1 configured.
      脉冲启动: Pulse completed
      pulse 装置  +39.12740 nA   源表       +nan nA   (5 次, MODE=1)
║ [K2] 峰值 1000 nA / t_on 0.40 ms / T 10 ms / D 4.0%  (n=5)
      脉冲模式: 档位 1e-05 A (覆盖峰值 1000 nA), nplc 0.01 (孔径 0.2 ms < ton 0.4 ms)
      脉冲串 1710 个 x 10 ms = 17.1 s  (要覆盖 5 次测量)
      脉冲配置: Pulse 1 configured.
      脉冲启动: Pulse completed
      pulse 装置  +39.13600 nA   源表       +nan nA   (5 次, MODE=1)
║ [K3] 峰值 2000 nA / t_on 0.20 ms / T 10 ms / D 2.0%  (n=5)
      脉冲模式: 档位 1e-05 A (覆盖峰值 2000 nA), nplc 0.005 (孔径 0.1 ms < ton 0.2 ms)
      脉冲串 1710 个 x 10 ms = 17.1 s  (要覆盖 5 次测量)
      脉冲配置: Pulse 1 configured.
      脉冲启动: Pulse completed
      pulse 装置  +39.07500 nA   源表       +nan nA   (5 次, MODE=1)
║ [K4] 峰值 2400 nA / t_on 0.20 ms / T 12 ms / D 1.7%  (n=5)
      脉冲模式: 档位 1e-05 A (覆盖峰值 2400 nA), nplc 0.005 (孔径 0.1 ms < ton 0.2 ms)
      脉冲串 1427 个 x 12 ms = 17.1 s  (要覆盖 5 次测量)
      脉冲配置: Pulse 1 configured.
      脉冲启动: Pulse completed
      pulse 装置  +39.57820 nA   源表       +nan nA   (5 次, MODE=1)
║ [K5] 峰值 2800 nA / t_on 0.20 ms / T 14 ms / D 1.4%  (n=5)
      脉冲模式: 档位 1e-05 A (覆盖峰值 2800 nA), nplc 0.005 (孔径 0.1 ms < ton 0.2 ms)
      脉冲串 1225 个 x 14 ms = 17.1 s  (要覆盖 5 次测量)
      脉冲配置: Pulse 1 configured.
      脉冲启动: Pulse completed
      pulse 装置  +39.53000 nA   源表       +nan nA   (5 次, MODE=1)
║ [K6] 峰值 3200 nA / t_on 0.20 ms / T 16 ms / D 1.2%  (n=5)
      脉冲模式: 档位 1e-05 A (覆盖峰值 3200 nA), nplc 0.005 (孔径 0.1 ms < ton 0.2 ms)
      脉冲串 1073 个 x 16 ms = 17.2 s  (要覆盖 5 次测量)
      脉冲配置: Pulse 1 configured.
