================================================================================================
脉冲输入测试
================================================================================================
================================================================================================
脉冲测试点表  (32 组)
================================================================================================
   #     峰值nA     t_on       周期     占空比     I_avg        上限       余量     窗口  说明
------------------------------------------------------------------------------------------------
  A1       40    5.00ms      10ms   50.0%  20.0000   25.0000     20.0%    1 s  占空比扫描 基准 (50%)
  A2       40    4.00ms      10ms   40.0%  16.0000   30.0000     46.7%    1 s  40%
  A3       40    3.00ms      10ms   30.0%  12.0000   35.0000     65.7%    1 s  30%
  A4       40    2.50ms      10ms   25.0%  10.0000   37.5000     73.3%    1 s  25%
  A5       40    2.00ms      10ms   20.0%   8.0000   40.0000     80.0%    1 s  20%
  A6       40    1.50ms      10ms   15.0%   6.0000   42.5000     85.9%    1 s  15%
  A7       40    1.00ms      10ms   10.0%   4.0000   45.0000     91.1%    1 s  10%
  A8       40    0.75ms      10ms    7.5%   3.0000   45.0000     93.3%    1 s  7.5%
  A9       40    0.50ms      10ms    5.0%   2.0000   45.0000     95.6%    1 s  5%
 A10       40    0.38ms      10ms    3.8%   1.5000   45.0000     96.7%    1 s  3.75%
 A11       40    0.25ms      10ms    2.5%   1.0000   45.0000     97.8%    1 s  2.5%; I_avg=1.0 nA 落在窗口切换边界上
 A12       20    0.25ms      10ms    2.5%   0.5000   45.0000     98.9%   10 s  边界对照: I_avg=0.5 nA 在 10 s 窗口内部
  P1       40   12.50ms      50ms   25.0%  10.0000   17.2000     41.9%    1 s  基准
  P2       40    7.50ms      30ms   25.0%  10.0000   28.6667     65.1%    1 s  卡:swg
  P3       40    5.00ms      20ms   25.0%  10.0000   37.5000     73.3%    1 s  卡:bal
  P4       40    3.75ms      15ms   25.0%  10.0000   37.5000     73.3%    1 s  卡:bal
  P5       40    2.50ms      10ms   25.0%  10.0000   37.5000     73.3%    1 s  = 方案 §2.3 说的下限
  P6       40    1.75ms       7ms   25.0%  10.0000   37.5000     73.3%    1 s  低于下限
  P7       40    1.25ms       5ms   25.0%  10.0000   37.5000     73.3%    1 s  卡:bal
  P8       40    0.88ms       4ms   25.0%  10.0000   37.5000     73.3%    1 s  卡:bal
  P9       40    0.50ms       2ms   25.0%  10.0000   37.5000     73.3%    1 s  卡:bal
 P10       40    0.38ms       2ms   25.0%  10.0000   37.5000     73.3%    1 s  卡:bal
 P11       40    0.25ms       1ms   25.0%  10.0000   37.5000     73.3%    1 s  低于下限 10 倍
  K1      400    1.00ms      10ms   10.0%  40.0000   45.0000     11.1%    1 s  峰值 8.9 倍量程  (紧)
  K2     1000    0.40ms      10ms    4.0%  40.0000   45.0000     11.1%    1 s  峰值 22 倍量程  (紧)
  K3     2000    0.20ms      10ms    2.0%  40.0000   45.0000     11.1%    1 s  峰值 44 倍量程; ton 到最小可用值  (紧)
  K4     2400    0.20ms      12ms    1.7%  40.0000   45.0000     11.1%    1 s  峰值 53 倍量程  (紧)
  K5     2800    0.20ms      14ms    1.4%  40.0000   45.0000     11.1%    1 s  峰值 62 倍量程  (紧)
  K6     3200    0.20ms      16ms    1.2%  40.0000   45.0000     11.1%    1 s  峰值 71 倍量程  (紧)
  K7     3600    0.20ms      18ms    1.1%  40.0000   45.0000     11.1%    1 s  峰值 80 倍量程  (紧)
  K8     4000    0.20ms      20ms    1.0%  40.0000   43.0000      7.0%    1 s  峰值 89 倍量程  (紧)
  K9     4200    0.20ms      22ms    0.9%  39.0698   40.0000      2.3%    1 s  峰值 **93 倍**量程; 纹波 840 pC 贴着上限  (紧)
------------------------------------------------------------------------------------------------
直流对照点: 0.1  0.5  1  1.5  2  3  4  5  6  8  10  12  16  20  40  nA
  每个直流点配到的脉冲组:
       0.1 nA <- ** 无 **
       0.5 nA <- A12
         1 nA <- A11
       1.5 nA <- A10
         2 nA <- A9
         3 nA <- A8
         4 nA <- A7
         5 nA <- ** 无 **
         6 nA <- A6
         8 nA <- A5
        10 nA <- A4 P1 P2 P3 P4 P5 P6 P7 P8 P9 P10 P11
        12 nA <- A3
        16 nA <- A2
        20 nA <- A1
        40 nA <- K1 K2 K3 K4 K5 K6 K7 K8

  注: B1/B2 落 10 s 窗口, 固件抽点后 1.6 ms/点, 而 t_on=1 ms < 1.6 ms
      -> 平台在存储波形里不存在, **平均照样准, 但不能做波形反演**。
  32 个点, 不分核心/趋势 —— 重复次数由 --n / --n-core 给定。
    型号: 2636B
    装置就绪 (COM9 @ 115200 bps)

╔══ I_avg = 0.5 nA ══════════════════════════════════════
║ [A12] 峰值 20 nA / t_on 0.25 ms / T 10 ms / D 2.5%  (n=5)
      脉冲模式: 档位 1e-07 A (覆盖峰值 20 nA), nplc 0.00625 (孔径 0.125 ms < ton 0.25 ms)
      脉冲串 6210 个 x 10 ms = 62.1 s  (要覆盖 5 次测量)
      脉冲配置: Pulse 1 configured.
      脉冲启动: Pulse completed
      实测串长 63.06 s / 6210 个 -> 每周期 10.155 ms, delta = +0.155 ms
      pulse 装置   +0.46000 nA   源表       +nan nA   (5 次, MODE=2)
║ [直流对照 0.5 nA]  (n=5)
      直流段 0.5 nA -> 档位 1e-09 A
      dc    装置   +0.50000 nA   源表   +0.49993 nA   (5 次, MODE=2)
╚════════════════════════════════════════════════════════════

╔══ I_avg = 1 nA ══════════════════════════════════════
║ [A11] 峰值 40 nA / t_on 0.25 ms / T 10 ms / D 2.5%  (n=5)
      脉冲模式: 档位 1e-07 A (覆盖峰值 40 nA), nplc 0.00625 (孔径 0.125 ms < ton 0.25 ms)
      脉冲串 1710 个 x 10 ms = 17.1 s  (要覆盖 5 次测量)
      脉冲配置: Pulse 1 configured.
      脉冲启动: Pulse completed
      实测串长 17.37 s / 1710 个 -> 每周期 10.158 ms, delta = +0.158 ms
      pulse 装置   +0.10120 nA   源表       +nan nA   (5 次, MODE=2)
║ [直流对照 1 nA]  (n=3)
      直流段 1 nA -> 档位 1e-09 A
      dc    装置   +1.00033 nA   源表   +0.99992 nA   (3 次, MODE=2)
╚════════════════════════════════════════════════════════════

╔══ I_avg = 1.5 nA ══════════════════════════════════════
║ [A10] 峰值 40 nA / t_on 0.38 ms / T 10 ms / D 3.8%  (n=5)
      脉冲模式: 档位 1e-07 A (覆盖峰值 40 nA), nplc 0.009375 (孔径 0.188 ms < ton 0.375 ms)
      脉冲串 1710 个 x 10 ms = 17.1 s  (要覆盖 5 次测量)
      脉冲配置: Pulse 1 configured.
      脉冲启动: Pulse completed
      实测串长 17.37 s / 1710 个 -> 每周期 10.157 ms, delta = +0.157 ms
      pulse 装置   +1.48100 nA   源表       +nan nA   (5 次, MODE=1)
║ [直流对照 1.5 nA]  (n=5)
      直流段 1.5 nA -> 档位 1e-08 A
      dc    装置   +1.49720 nA   源表   +1.49877 nA   (5 次, MODE=1)
╚════════════════════════════════════════════════════════════

╔══ I_avg = 2 nA ══════════════════════════════════════
║ [A9] 峰值 40 nA / t_on 0.50 ms / T 10 ms / D 5.0%  (n=5)
      脉冲模式: 档位 1e-07 A (覆盖峰值 40 nA), nplc 0.01 (孔径 0.2 ms < ton 0.5 ms)
      脉冲串 1710 个 x 10 ms = 17.1 s  (要覆盖 5 次测量)
      脉冲配置: Pulse 1 configured.
      脉冲启动: Pulse completed
      实测串长 17.37 s / 1710 个 -> 每周期 10.158 ms, delta = +0.158 ms
      pulse 装置   +1.97360 nA   源表       +nan nA   (5 次, MODE=1)
║ [直流对照 2 nA]  (n=5)
      直流段 2 nA -> 档位 1e-08 A
      dc    装置   +1.99720 nA   源表   +1.99884 nA   (5 次, MODE=1)
╚════════════════════════════════════════════════════════════

╔══ I_avg = 3 nA ══════════════════════════════════════
║ [A8] 峰值 40 nA / t_on 0.75 ms / T 10 ms / D 7.5%  (n=5)
      脉冲模式: 档位 1e-07 A (覆盖峰值 40 nA), nplc 0.01 (孔径 0.2 ms < ton 0.75 ms)
      脉冲串 1710 个 x 10 ms = 17.1 s  (要覆盖 5 次测量)
      脉冲配置: Pulse 1 configured.
      脉冲启动: Pulse completed
      实测串长 17.37 s / 1710 个 -> 每周期 10.157 ms, delta = +0.157 ms
      pulse 装置   +2.96660 nA   源表       +nan nA   (5 次, MODE=1)
║ [直流对照 3 nA]  (n=5)
      直流段 3 nA -> 档位 1e-08 A
      dc    装置   +2.99680 nA   源表   +2.99904 nA   (5 次, MODE=1)
╚════════════════════════════════════════════════════════════

╔══ I_avg = 4 nA ══════════════════════════════════════
║ [A7] 峰值 40 nA / t_on 1.00 ms / T 10 ms / D 10.0%  (n=5)
      脉冲模式: 档位 1e-07 A (覆盖峰值 40 nA), nplc 0.01 (孔径 0.2 ms < ton 1 ms)
      脉冲串 1710 个 x 10 ms = 17.1 s  (要覆盖 5 次测量)
      脉冲配置: Pulse 1 configured.
      脉冲启动: Pulse completed
      实测串长 17.37 s / 1710 个 -> 每周期 10.158 ms, delta = +0.158 ms
      pulse 装置   +3.94200 nA   源表       +nan nA   (5 次, MODE=1)
║ [直流对照 4 nA]  (n=5)
      直流段 4 nA -> 档位 1e-08 A
      dc    装置   +3.99700 nA   源表   +3.99911 nA   (5 次, MODE=1)
╚════════════════════════════════════════════════════════════

╔══ I_avg = 6 nA ══════════════════════════════════════
║ [A6] 峰值 40 nA / t_on 1.50 ms / T 10 ms / D 15.0%  (n=5)
      脉冲模式: 档位 1e-07 A (覆盖峰值 40 nA), nplc 0.01 (孔径 0.2 ms < ton 1.5 ms)
      脉冲串 1710 个 x 10 ms = 17.1 s  (要覆盖 5 次测量)
      脉冲配置: Pulse 1 configured.
      脉冲启动: Pulse completed
      实测串长 17.37 s / 1710 个 -> 每周期 10.157 ms, delta = +0.157 ms
      pulse 装置   +5.92280 nA   源表       +nan nA   (5 次, MODE=1)
║ [直流对照 6 nA]  (n=5)
      直流段 6 nA -> 档位 1e-08 A
      dc    装置   +5.99740 nA   源表   +5.99920 nA   (5 次, MODE=1)
╚════════════════════════════════════════════════════════════

╔══ I_avg = 8 nA ══════════════════════════════════════
║ [A5] 峰值 40 nA / t_on 2.00 ms / T 10 ms / D 20.0%  (n=5)
      脉冲模式: 档位 1e-07 A (覆盖峰值 40 nA), nplc 0.01 (孔径 0.2 ms < ton 2 ms)
      脉冲串 1710 个 x 10 ms = 17.1 s  (要覆盖 5 次测量)
      脉冲配置: Pulse 1 configured.
      脉冲启动: Pulse completed
      实测串长 17.37 s / 1710 个 -> 每周期 10.158 ms, delta = +0.158 ms
      pulse 装置   +7.89380 nA   源表       +nan nA   (5 次, MODE=1)
║ [直流对照 8 nA]  (n=5)
      直流段 8 nA -> 档位 1e-08 A
      dc    装置   +7.99660 nA   源表   +7.99905 nA   (5 次, MODE=1)
╚════════════════════════════════════════════════════════════

╔══ I_avg = 10 nA ══════════════════════════════════════
║ [A4] 峰值 40 nA / t_on 2.50 ms / T 10 ms / D 25.0%  (n=5)
      脉冲模式: 档位 1e-07 A (覆盖峰值 40 nA), nplc 0.01 (孔径 0.2 ms < ton 2.5 ms)
      脉冲串 1710 个 x 10 ms = 17.1 s  (要覆盖 5 次测量)
      脉冲配置: Pulse 1 configured.
      脉冲启动: Pulse completed
      实测串长 17.37 s / 1710 个 -> 每周期 10.158 ms, delta = +0.158 ms
      pulse 装置   +9.87220 nA   源表       +nan nA   (5 次, MODE=1)
║ [P1] 峰值 40 nA / t_on 12.50 ms / T 50 ms / D 25.0%  (n=5)
      脉冲模式: 档位 1e-07 A (覆盖峰值 40 nA), nplc 0.01 (孔径 0.2 ms < ton 12.5 ms)
      脉冲串 350 个 x 50 ms = 17.5 s  (要覆盖 5 次测量)
      脉冲配置: Pulse 1 configured.
      脉冲启动: Pulse completed
      实测串长 17.57 s / 350 个 -> 每周期 50.213 ms, delta = +0.213 ms
      pulse 装置   +9.99340 nA   源表       +nan nA   (5 次, MODE=1)
║ [P2] 峰值 40 nA / t_on 7.50 ms / T 30 ms / D 25.0%  (n=5)
      脉冲模式: 档位 1e-07 A (覆盖峰值 40 nA), nplc 0.01 (孔径 0.2 ms < ton 7.5 ms)
      脉冲串 577 个 x 30 ms = 17.3 s  (要覆盖 5 次测量)
      脉冲配置: Pulse 1 configured.
      脉冲启动: Pulse completed
      实测串长 17.42 s / 577 个 -> 每周期 30.189 ms, delta = +0.189 ms
      pulse 装置   +9.98700 nA   源表       +nan nA   (5 次, MODE=1)
║ [P3] 峰值 40 nA / t_on 5.00 ms / T 20 ms / D 25.0%  (n=5)
      脉冲模式: 档位 1e-07 A (覆盖峰值 40 nA), nplc 0.01 (孔径 0.2 ms < ton 5 ms)
      脉冲串 860 个 x 20 ms = 17.2 s  (要覆盖 5 次测量)
      脉冲配置: Pulse 1 configured.
      脉冲启动: Pulse completed
      实测串长 17.35 s / 860 个 -> 每周期 20.175 ms, delta = +0.175 ms
      pulse 装置   +9.91000 nA   源表       +nan nA   (5 次, MODE=1)
║ [P4] 峰值 40 nA / t_on 3.75 ms / T 15 ms / D 25.0%  (n=5)
      脉冲模式: 档位 1e-07 A (覆盖峰值 40 nA), nplc 0.01 (孔径 0.2 ms < ton 3.75 ms)
      脉冲串 1144 个 x 15 ms = 17.2 s  (要覆盖 5 次测量)
      脉冲配置: Pulse 1 configured.
      脉冲启动: Pulse completed
      实测串长 17.35 s / 1144 个 -> 每周期 15.167 ms, delta = +0.167 ms
      pulse 装置   +9.90440 nA   源表       +nan nA   (5 次, MODE=1)
║ [P5] 峰值 40 nA / t_on 2.50 ms / T 10 ms / D 25.0%  (n=5)
      脉冲模式: 档位 1e-07 A (覆盖峰值 40 nA), nplc 0.01 (孔径 0.2 ms < ton 2.5 ms)
      脉冲串 1710 个 x 10 ms = 17.1 s  (要覆盖 5 次测量)
      脉冲配置: Pulse 1 configured.
      脉冲启动: Pulse completed
      实测串长 17.37 s / 1710 个 -> 每周期 10.157 ms, delta = +0.157 ms
      pulse 装置   +9.87600 nA   源表       +nan nA   (5 次, MODE=1)
║ [P6] 峰值 40 nA / t_on 1.75 ms / T 7 ms / D 25.0%  (n=5)
      脉冲模式: 档位 1e-07 A (覆盖峰值 40 nA), nplc 0.01 (孔径 0.2 ms < ton 1.75 ms)
      脉冲串 2439 个 x 7 ms = 17.1 s  (要覆盖 5 次测量)
      脉冲配置: Pulse 1 configured.
      脉冲启动: Pulse completed
      实测串长 17.44 s / 2439 个 -> 每周期 7.152 ms, delta = +0.152 ms
      pulse 装置   +9.82220 nA   源表       +nan nA   (5 次, MODE=1)
║ [P7] 峰值 40 nA / t_on 1.25 ms / T 5 ms / D 25.0%  (n=5)
      脉冲模式: 档位 1e-07 A (覆盖峰值 40 nA), nplc 0.01 (孔径 0.2 ms < ton 1.25 ms)
      脉冲串 3410 个 x 5 ms = 17.1 s  (要覆盖 5 次测量)
      脉冲配置: Pulse 1 configured.
      脉冲启动: Pulse completed
      实测串长 17.55 s / 3410 个 -> 每周期 5.148 ms, delta = +0.148 ms
      pulse 装置   +9.76360 nA   源表       +nan nA   (5 次, MODE=1)
║ [P8] 峰值 40 nA / t_on 0.88 ms / T 4 ms / D 25.0%  (n=5)
      脉冲模式: 档位 1e-07 A (覆盖峰值 40 nA), nplc 0.01 (孔径 0.2 ms < ton 0.875 ms)
      脉冲串 4868 个 x 4 ms = 17.0 s  (要覆盖 5 次测量)
      脉冲配置: Pulse 1 configured.
      脉冲启动: Pulse completed
      实测串长 17.75 s / 4868 个 -> 每周期 3.645 ms, delta = +0.145 ms
      pulse 装置   +9.66620 nA   源表       +nan nA   (5 次, MODE=1)
║ [P9] 峰值 40 nA / t_on 0.50 ms / T 2 ms / D 25.0%  (n=5)
      脉冲模式: 档位 1e-07 A (覆盖峰值 40 nA), nplc 0.01 (孔径 0.2 ms < ton 0.5 ms)
      脉冲串 8510 个 x 2 ms = 17.0 s  (要覆盖 5 次测量)
      脉冲配置: Pulse 1 configured.
      脉冲启动: Pulse completed
      实测串长 18.22 s / 8510 个 -> 每周期 2.141 ms, delta = +0.141 ms
      pulse 装置   +9.45100 nA   源表       +nan nA   (5 次, MODE=1)
║ [P10] 峰值 40 nA / t_on 0.38 ms / T 2 ms / D 25.0%  (n=5)
      脉冲模式: 档位 1e-07 A (覆盖峰值 40 nA), nplc 0.009375 (孔径 0.188 ms < ton 0.375 ms)
      脉冲串 11344 个 x 2 ms = 17.0 s  (要覆盖 5 次测量)
      脉冲配置: Pulse 1 configured.
      脉冲启动: Pulse completed
      实测串长 18.60 s / 11344 个 -> 每周期 1.640 ms, delta = +0.140 ms
      pulse 装置   +9.29000 nA   源表       +nan nA   (5 次, MODE=1)
║ [P11] 峰值 40 nA / t_on 0.25 ms / T 1 ms / D 25.0%  (n=5)
      脉冲模式: 档位 1e-07 A (覆盖峰值 40 nA), nplc 0.00625 (孔径 0.125 ms < ton 0.25 ms)
      脉冲串 17010 个 x 1 ms = 17.0 s  (要覆盖 5 次测量)
      脉冲配置: Pulse 1 configured.
      脉冲启动: Pulse completed
      实测串长 19.37 s / 17010 个 -> 每周期 1.139 ms, delta = +0.139 ms
      pulse 装置   +8.98240 nA   源表       +nan nA   (5 次, MODE=1)
║ [直流对照 10 nA]  (n=5)
      直流段 10 nA -> 档位 1e-08 A
      dc    装置   +9.99600 nA   源表   +9.99878 nA   (5 次, MODE=1)
╚════════════════════════════════════════════════════════════

╔══ I_avg = 12 nA ══════════════════════════════════════
║ [A3] 峰值 40 nA / t_on 3.00 ms / T 10 ms / D 30.0%  (n=5)
      脉冲模式: 档位 1e-07 A (覆盖峰值 40 nA), nplc 0.01 (孔径 0.2 ms < ton 3 ms)
      脉冲串 1710 个 x 10 ms = 17.1 s  (要覆盖 5 次测量)
      脉冲配置: Pulse 1 configured.
      脉冲启动: Pulse completed
      实测串长 17.37 s / 1710 个 -> 每周期 10.158 ms, delta = +0.158 ms
      pulse 装置  +11.85140 nA   源表       +nan nA   (5 次, MODE=1)
║ [直流对照 12 nA]  (n=5)
      直流段 12 nA -> 档位 1e-07 A
      dc    装置  +11.99460 nA   源表  +11.99643 nA   (5 次, MODE=1)
╚════════════════════════════════════════════════════════════

╔══ I_avg = 16 nA ══════════════════════════════════════
║ [A2] 峰值 40 nA / t_on 4.00 ms / T 10 ms / D 40.0%  (n=5)
      脉冲模式: 档位 1e-07 A (覆盖峰值 40 nA), nplc 0.01 (孔径 0.2 ms < ton 4 ms)
      脉冲串 1710 个 x 10 ms = 17.1 s  (要覆盖 5 次测量)
      脉冲配置: Pulse 1 configured.
      脉冲启动: Pulse completed
      实测串长 17.37 s / 1710 个 -> 每周期 10.159 ms, delta = +0.159 ms
      pulse 装置  +15.73960 nA   源表       +nan nA   (5 次, MODE=1)
║ [直流对照 16 nA]  (n=5)
      直流段 16 nA -> 档位 1e-07 A
      dc    装置  +15.99460 nA   源表  +15.99770 nA   (5 次, MODE=1)
╚════════════════════════════════════════════════════════════

╔══ I_avg = 20 nA ══════════════════════════════════════
║ [A1] 峰值 40 nA / t_on 5.00 ms / T 10 ms / D 50.0%  (n=5)
      脉冲模式: 档位 1e-07 A (覆盖峰值 40 nA), nplc 0.01 (孔径 0.2 ms < ton 5 ms)
      脉冲串 1710 个 x 10 ms = 17.1 s  (要覆盖 5 次测量)
      脉冲配置: Pulse 1 configured.
      脉冲启动: Pulse completed
      实测串长 17.37 s / 1710 个 -> 每周期 10.158 ms, delta = +0.158 ms
      pulse 装置  +19.75640 nA   源表       +nan nA   (5 次, MODE=1)
║ [直流对照 20 nA]  (n=5)
      直流段 20 nA -> 档位 1e-07 A
      dc    装置  +19.99620 nA   源表  +19.99810 nA   (5 次, MODE=1)
╚════════════════════════════════════════════════════════════

╔══ I_avg = 39.07 nA ══════════════════════════════════════
║ [K9] 峰值 4200 nA / t_on 0.20 ms / T 22 ms / D 0.9%  (n=5)
      脉冲模式: 档位 1e-05 A (覆盖峰值 4200 nA), nplc 0.005 (孔径 0.1 ms < ton 0.2 ms)
      脉冲串 801 个 x 22 ms = 17.2 s  (要覆盖 5 次测量)
      脉冲配置: Pulse 1 configured.
      脉冲启动: Pulse completed
      实测串长 17.37 s / 801 个 -> 每周期 21.680 ms, delta = +0.180 ms
      pulse 装置  +38.38900 nA   源表       +nan nA   (5 次, MODE=1)
║ [直流对照 39.07 nA]  (n=5)
      直流段 39.07 nA -> 档位 1e-07 A
      dc    装置  +39.06700 nA   源表  +39.06939 nA   (5 次, MODE=1)
╚════════════════════════════════════════════════════════════

╔══ I_avg = 40 nA ══════════════════════════════════════
║ [K1] 峰值 400 nA / t_on 1.00 ms / T 10 ms / D 10.0%  (n=5)
      脉冲模式: 档位 1e-06 A (覆盖峰值 400 nA), nplc 0.01 (孔径 0.2 ms < ton 1 ms)
      脉冲串 1710 个 x 10 ms = 17.1 s  (要覆盖 5 次测量)
      脉冲配置: Pulse 1 configured.
      脉冲启动: Pulse completed
      实测串长 17.37 s / 1710 个 -> 每周期 10.158 ms, delta = +0.158 ms
      pulse 装置  +39.12180 nA   源表       +nan nA   (5 次, MODE=1)
║ [K2] 峰值 1000 nA / t_on 0.40 ms / T 10 ms / D 4.0%  (n=5)
      脉冲模式: 档位 1e-05 A (覆盖峰值 1000 nA), nplc 0.01 (孔径 0.2 ms < ton 0.4 ms)
      脉冲串 1710 个 x 10 ms = 17.1 s  (要覆盖 5 次测量)
      脉冲配置: Pulse 1 configured.
      脉冲启动: Pulse completed
      实测串长 17.38 s / 1710 个 -> 每周期 10.164 ms, delta = +0.164 ms
      pulse 装置  +39.11500 nA   源表       +nan nA   (5 次, MODE=1)
║ [K3] 峰值 2000 nA / t_on 0.20 ms / T 10 ms / D 2.0%  (n=5)
      脉冲模式: 档位 1e-05 A (覆盖峰值 2000 nA), nplc 0.005 (孔径 0.1 ms < ton 0.2 ms)
      脉冲串 1710 个 x 10 ms = 17.1 s  (要覆盖 5 次测量)
      脉冲配置: Pulse 1 configured.
      脉冲启动: Pulse completed
      实测串长 17.37 s / 1710 个 -> 每周期 10.159 ms, delta = +0.159 ms
      pulse 装置  +39.07460 nA   源表       +nan nA   (5 次, MODE=1)
║ [K4] 峰值 2400 nA / t_on 0.20 ms / T 12 ms / D 1.7%  (n=5)
      脉冲模式: 档位 1e-05 A (覆盖峰值 2400 nA), nplc 0.005 (孔径 0.1 ms < ton 0.2 ms)
      脉冲串 1427 个 x 12 ms = 17.1 s  (要覆盖 5 次测量)
      脉冲配置: Pulse 1 configured.
      脉冲启动: Pulse completed
      实测串长 17.36 s / 1427 个 -> 每周期 12.162 ms, delta = +0.162 ms
      pulse 装置  +39.63080 nA   源表       +nan nA   (5 次, MODE=1)
║ [K5] 峰值 2800 nA / t_on 0.20 ms / T 14 ms / D 1.4%  (n=5)
      脉冲模式: 档位 1e-05 A (覆盖峰值 2800 nA), nplc 0.005 (孔径 0.1 ms < ton 0.2 ms)
      脉冲串 1225 个 x 14 ms = 17.1 s  (要覆盖 5 次测量)
      脉冲配置: Pulse 1 configured.
      脉冲启动: Pulse completed
      实测串长 17.35 s / 1225 个 -> 每周期 14.166 ms, delta = +0.166 ms
      pulse 装置  +39.51540 nA   源表       +nan nA   (5 次, MODE=1)
║ [K6] 峰值 3200 nA / t_on 0.20 ms / T 16 ms / D 1.2%  (n=5)
      脉冲模式: 档位 1e-05 A (覆盖峰值 3200 nA), nplc 0.005 (孔径 0.1 ms < ton 0.2 ms)
      脉冲串 1073 个 x 16 ms = 17.2 s  (要覆盖 5 次测量)
      脉冲配置: Pulse 1 configured.
      脉冲启动: Pulse completed
      实测串长 17.35 s / 1073 个 -> 每周期 16.169 ms, delta = +0.169 ms
      pulse 装置  +39.45380 nA   源表       +nan nA   (5 次, MODE=1)
║ [K7] 峰值 3600 nA / t_on 0.20 ms / T 18 ms / D 1.1%  (n=5)
      脉冲模式: 档位 1e-05 A (覆盖峰值 3600 nA), nplc 0.005 (孔径 0.1 ms < ton 0.2 ms)
      脉冲串 955 个 x 18 ms = 17.2 s  (要覆盖 5 次测量)
      脉冲配置: Pulse 1 configured.
      脉冲启动: Pulse completed
      实测串长 17.35 s / 955 个 -> 每周期 18.171 ms, delta = +0.171 ms
      pulse 装置  +39.17900 nA   源表       +nan nA   (5 次, MODE=1)
║ [K8] 峰值 4000 nA / t_on 0.20 ms / T 20 ms / D 1.0%  (n=5)
      脉冲模式: 档位 1e-05 A (覆盖峰值 4000 nA), nplc 0.005 (孔径 0.1 ms < ton 0.2 ms)
      脉冲串 860 个 x 20 ms = 17.2 s  (要覆盖 5 次测量)
      脉冲配置: Pulse 1 configured.
      脉冲启动: Pulse completed
      实测串长 17.35 s / 860 个 -> 每周期 20.176 ms, delta = +0.176 ms
      pulse 装置  +39.48220 nA   源表       +nan nA   (5 次, MODE=1)
║ [直流对照 40 nA]  (n=3)
      直流段 40 nA -> 档位 1e-07 A
      dc    装置  +39.99800 nA   源表  +39.99988 nA   (3 次, MODE=1)
╚════════════════════════════════════════════════════════════

╔══ I_avg = 40 nA ══════════════════════════════════════
║ [K1] 峰值 400 nA / t_on 1.00 ms / T 10 ms / D 10.0%  (n=5)
      脉冲模式: 档位 1e-06 A (覆盖峰值 400 nA), nplc 0.01 (孔径 0.2 ms < ton 1 ms)
      脉冲串 1710 个 x 10 ms = 17.1 s  (要覆盖 5 次测量)
      脉冲配置: Pulse 1 configured.
      脉冲启动: Pulse completed
      实测串长 17.37 s / 1710 个 -> 每周期 10.158 ms, delta = +0.158 ms
      pulse 装置  +39.14680 nA   源表       +nan nA   (5 次, MODE=1)
║ [K2] 峰值 1000 nA / t_on 0.40 ms / T 10 ms / D 4.0%  (n=5)
      脉冲模式: 档位 1e-05 A (覆盖峰值 1000 nA), nplc 0.01 (孔径 0.2 ms < ton 0.4 ms)
      脉冲串 1710 个 x 10 ms = 17.1 s  (要覆盖 5 次测量)
      脉冲配置: Pulse 1 configured.
      脉冲启动: Pulse completed
      实测串长 17.38 s / 1710 个 -> 每周期 10.164 ms, delta = +0.164 ms
      pulse 装置  +39.15780 nA   源表       +nan nA   (5 次, MODE=1)
║ [K3] 峰值 2000 nA / t_on 0.20 ms / T 10 ms / D 2.0%  (n=5)
      脉冲模式: 档位 1e-05 A (覆盖峰值 2000 nA), nplc 0.005 (孔径 0.1 ms < ton 0.2 ms)
      脉冲串 1710 个 x 10 ms = 17.1 s  (要覆盖 5 次测量)
      脉冲配置: Pulse 1 configured.
      脉冲启动: Pulse completed
      实测串长 17.37 s / 1710 个 -> 每周期 10.158 ms, delta = +0.158 ms
      pulse 装置  +39.07220 nA   源表       +nan nA   (5 次, MODE=1)
║ [K4] 峰值 2400 nA / t_on 0.20 ms / T 12 ms / D 1.7%  (n=5)
      脉冲模式: 档位 1e-05 A (覆盖峰值 2400 nA), nplc 0.005 (孔径 0.1 ms < ton 0.2 ms)
      脉冲串 1427 个 x 12 ms = 17.1 s  (要覆盖 5 次测量)
      脉冲配置: Pulse 1 configured.
      脉冲启动: Pulse completed
      实测串长 17.35 s / 1427 个 -> 每周期 12.162 ms, delta = +0.162 ms
      pulse 装置  +39.60600 nA   源表       +nan nA   (5 次, MODE=1)
║ [K5] 峰值 2800 nA / t_on 0.20 ms / T 14 ms / D 1.4%  (n=5)
      脉冲模式: 档位 1e-05 A (覆盖峰值 2800 nA), nplc 0.005 (孔径 0.1 ms < ton 0.2 ms)
      脉冲串 1225 个 x 14 ms = 17.1 s  (要覆盖 5 次测量)
      脉冲配置: Pulse 1 configured.
      脉冲启动: Pulse completed
      实测串长 17.35 s / 1225 个 -> 每周期 14.165 ms, delta = +0.165 ms
      pulse 装置  +39.54680 nA   源表       +nan nA   (5 次, MODE=1)
║ [K6] 峰值 3200 nA / t_on 0.20 ms / T 16 ms / D 1.2%  (n=5)
      脉冲模式: 档位 1e-05 A (覆盖峰值 3200 nA), nplc 0.005 (孔径 0.1 ms < ton 0.2 ms)
      脉冲串 1073 个 x 16 ms = 17.2 s  (要覆盖 5 次测量)
      脉冲配置: Pulse 1 configured.
      脉冲启动: Pulse completed
      实测串长 17.35 s / 1073 个 -> 每周期 16.168 ms, delta = +0.168 ms
      pulse 装置  +39.47440 nA   源表       +nan nA   (5 次, MODE=1)
║ [K7] 峰值 3600 nA / t_on 0.20 ms / T 18 ms / D 1.1%  (n=5)
      脉冲模式: 档位 1e-05 A (覆盖峰值 3600 nA), nplc 0.005 (孔径 0.1 ms < ton 0.2 ms)
      脉冲串 955 个 x 18 ms = 17.2 s  (要覆盖 5 次测量)
      脉冲配置: Pulse 1 configured.
      脉冲启动: Pulse completed
      实测串长 17.35 s / 955 个 -> 每周期 18.172 ms, delta = +0.172 ms
      pulse 装置  +39.18600 nA   源表       +nan nA   (5 次, MODE=1)
║ [K8] 峰值 4000 nA / t_on 0.20 ms / T 20 ms / D 1.0%  (n=5)
      脉冲模式: 档位 1e-05 A (覆盖峰值 4000 nA), nplc 0.005 (孔径 0.1 ms < ton 0.2 ms)
      脉冲串 860 个 x 20 ms = 17.2 s  (要覆盖 5 次测量)
      脉冲配置: Pulse 1 configured.
      脉冲启动: Pulse completed
      实测串长 17.35 s / 860 个 -> 每周期 20.175 ms, delta = +0.175 ms
      pulse 装置  +39.43560 nA   源表       +nan nA   (5 次, MODE=1)
║ [直流对照 40 nA]  (n=5)
      直流段 40 nA -> 档位 1e-07 A
      dc    装置  +39.99640 nA   源表  +39.99970 nA   (5 次, MODE=1)
╚════════════════════════════════════════════════════════════

已写 data/sweep_pulse_r1.csv (271 行)

================================================================================================
E1: 脉冲读数 vs 计算平均值 I_avg
    真值 = I_peak x ton/(T + 0.16 ms) —— 实测周期比标称长 DELTA_MS,
    标称值系统性偏高 delta/T; 判据**以真值为准**, 标称列留作对照。
================================================================================================
    #      峰值nA    I_avg标称    I_avg真值         装置读数      偏差标称      偏差真值
   A1        40    20.0000    19.6850    +19.75640   -1.218%   +0.363%
   A2        40    16.0000    15.7480    +15.73960   -1.628%   -0.054%
   A3        40    12.0000    11.8110    +11.85140   -1.238%   +0.342%
   A4        40    10.0000     9.8425     +9.87220   -1.278%   +0.302%
   A5        40     8.0000     7.8740     +7.89380   -1.327%   +0.251%
   A6        40     6.0000     5.9055     +5.92280   -1.287%   +0.293%
   A7        40     4.0000     3.9370     +3.94200   -1.450%   +0.127%
   A8        40     3.0000     2.9528     +2.96660   -1.113%   +0.469%
   A9        40     2.0000     1.9685     +1.97360   -1.320%   +0.259%
  A10        40     1.5000     1.4764     +1.48100   -1.267%   +0.313%
  A11        40     1.0000     0.9843     +0.10120  -89.880%  -89.718%
  A12        20     0.5000     0.4921     +0.46000   -8.000%   -6.528%
   P1        40    10.0000     9.9681     +9.99340   -0.066%   +0.254%
   P2        40    10.0000     9.9469     +9.98700   -0.130%   +0.403%
   P3        40    10.0000     9.9206     +9.91000   -0.900%   -0.107%
   P4        40    10.0000     9.8945     +9.90440   -0.956%   +0.100%
   P5        40    10.0000     9.8425     +9.87600   -1.240%   +0.340%
   P6        40    10.0000     9.7765     +9.82220   -1.778%   +0.467%
   P7        40    10.0000     9.6899     +9.76360   -2.364%   +0.760%
   P8        40    10.0000     9.5628     +9.66620   -3.338%   +1.081%
   P9        40    10.0000     9.2593     +9.45100   -5.490%   +2.071%
  P10        40    10.0000     9.0361     +9.29000   -7.100%   +2.809%
  P11        40    10.0000     8.6207     +8.98240  -10.176%   +4.196%
   K1       400    40.0000    39.3701    +39.13430   -2.164%   -0.599%
   K2      1000    40.0000    39.3701    +39.13640   -2.159%   -0.594%
   K3      2000    40.0000    39.3701    +39.07340   -2.316%   -0.754%
   K4      2400    40.0000    39.4737    +39.61840   -0.954%   +0.367%
   K5      2800    40.0000    39.5480    +39.53110   -1.172%   -0.043%
   K6      3200    40.0000    39.6040    +39.46410   -1.340%   -0.353%
   K7      3600    40.0000    39.6476    +39.18250   -2.044%   -1.173%
   K8      4000    40.0000    39.6825    +39.45890   -1.353%   -0.564%
   K9      4200    39.0698    38.7812    +38.38900   -1.742%   -1.011%
------------------------------------------------------------------------------------------------
最大 |偏差(真值)| = 89.718 %   (判据 < 1.5%, 32/32 点有数据)  -> **未通过**

================================================================================================
E3 (核心): 同一 I_avg 下, 脉冲 vs 直流
    直流点没有周期开销, 脉冲点有 -> 两边**要对齐到真值**才公平:
    等效直流量 = 直流读数 x (I_avg真值/标称)。判据以**修正后**为准。
================================================================================================
     组   I_avg标称    I_avg真值        脉冲      直流(等效)        实际直流       差标称       差修正
   A12    0.5000     0.4921   +0.4600     +0.4921     +0.5000   -8.000%   -6.528%
   A11    1.0000     0.9843   +0.1012     +0.9846     +1.0003  -89.883%  -89.722%
   A10    1.5000     1.4764   +1.4810     +1.4736     +1.4972   -1.082%   +0.501%
    A9    2.0000     1.9685   +1.9736     +1.9657     +1.9972   -1.182%   +0.399%
    A8    3.0000     2.9528   +2.9666     +2.9496     +2.9968   -1.008%   +0.576%
    A7    4.0000     3.9370   +3.9420     +3.9341     +3.9970   -1.376%   +0.202%
    A6    6.0000     5.9055   +5.9228     +5.9030     +5.9974   -1.244%   +0.336%
    A5    8.0000     7.8740   +7.8938     +7.8707     +7.9966   -1.286%   +0.294%
    A4   10.0000     9.8425   +9.8722     +9.8386     +9.9960   -1.238%   +0.342%
    P1   10.0000     9.9681   +9.9934     +9.9641     +9.9960   -0.026%   +0.294%
    P2   10.0000     9.9469   +9.9870     +9.9430     +9.9960   -0.090%   +0.443%
    P3   10.0000     9.9206   +9.9100     +9.9167     +9.9960   -0.860%   -0.067%
    P4   10.0000     9.8945   +9.9044     +9.8905     +9.9960   -0.916%   +0.141%
    P5   10.0000     9.8425   +9.8760     +9.8386     +9.9960   -1.200%   +0.380%
    P6   10.0000     9.7765   +9.8222     +9.7726     +9.9960   -1.739%   +0.507%
    P7   10.0000     9.6899   +9.7636     +9.6860     +9.9960   -2.325%   +0.801%
    P8   10.0000     9.5628   +9.6662     +9.5590     +9.9960   -3.299%   +1.121%
    P9   10.0000     9.2593   +9.4510     +9.2556     +9.9960   -5.452%   +2.112%
   P10   10.0000     9.0361   +9.2900     +9.0325     +9.9960   -7.063%   +2.850%
   P11   10.0000     8.6207   +8.9824     +8.6172     +9.9960  -10.140%   +4.238%
    A3   12.0000    11.8110  +11.8514    +11.8057    +11.9946   -1.194%   +0.387%
    A2   16.0000    15.7480  +15.7396    +15.7427    +15.9946   -1.594%   -0.020%
    A1   20.0000    19.6850  +19.7564    +19.6813    +19.9962   -1.199%   +0.382%
    K9   39.0698    38.7812  +38.3890    +38.7784    +39.0670   -1.735%   -1.004%  <- 峰值 4200 nA
    K1   40.0000    39.3701  +39.1343    +39.3671    +39.9970   -2.157%   -0.591%  <- 峰值 400 nA
    K2   40.0000    39.3701  +39.1364    +39.3671    +39.9970   -2.152%   -0.586%  <- 峰值 1000 nA
    K3   40.0000    39.3701  +39.0734    +39.3671    +39.9970   -2.309%   -0.746%  <- 峰值 2000 nA
    K4   40.0000    39.4737  +39.6184    +39.4707    +39.9970   -0.947%   +0.374%  <- 峰值 2400 nA
    K5   40.0000    39.5480  +39.5311    +39.5451    +39.9970   -1.165%   -0.035%  <- 峰值 2800 nA
    K6   40.0000    39.6040  +39.4641    +39.6010    +39.9970   -1.332%   -0.346%  <- 峰值 3200 nA
    K7   40.0000    39.6476  +39.1825    +39.6446    +39.9970   -2.036%   -1.166%  <- 峰值 3600 nA
    K8   40.0000    39.6825  +39.4589    +39.6796    +39.9970   -1.345%   -0.556%  <- 峰值 4000 nA
    K1   40.0000    39.3701  +39.1343    +39.3671    +39.9970   -2.157%   -0.591%  <- 峰值 400 nA
    K2   40.0000    39.3701  +39.1364    +39.3671    +39.9970   -2.152%   -0.586%  <- 峰值 1000 nA
    K3   40.0000    39.3701  +39.0734    +39.3671    +39.9970   -2.309%   -0.746%  <- 峰值 2000 nA
    K4   40.0000    39.4737  +39.6184    +39.4707    +39.9970   -0.947%   +0.374%  <- 峰值 2400 nA
    K5   40.0000    39.5480  +39.5311    +39.5451    +39.9970   -1.165%   -0.035%  <- 峰值 2800 nA
    K6   40.0000    39.6040  +39.4641    +39.6010    +39.9970   -1.332%   -0.346%  <- 峰值 3200 nA
    K7   40.0000    39.6476  +39.1825    +39.6446    +39.9970   -2.036%   -1.166%  <- 峰值 3600 nA
    K8   40.0000    39.6825  +39.4589    +39.6796    +39.9970   -1.345%   -0.556%  <- 峰值 4000 nA
------------------------------------------------------------------------------------------------
最大 |差(修正后)| = 89.722 %   (判据 < 0.5%, 40 对)  -> **未通过**

注: 标了 '<- 峰值 ... nA' 的行是**峰值超出 ±45 nA 直流量程**的点。
    这些行若同样落在 0.5% 内, 就是"脉冲调制不影响准确度"的最强证据。
