================================================================================================
脉冲输入测试
================================================================================================
================================================================================================
脉冲测试点表  (5 组)
================================================================================================
   #     峰值nA     t_on       周期     占空比     I_avg        上限       余量     窗口  说明
------------------------------------------------------------------------------------------------
  A1       40    5.00ms      10ms   50.0%  20.0000   25.0000     20.0%    1 s  占空比扫描 基准
  A2       40    2.50ms      10ms   25.0%  10.0000   37.5000     73.3%    1 s  卡:bal
  A3       40    1.00ms      10ms   10.0%   4.0000   45.0000     91.1%    1 s  卡:bal
  A4       40    0.50ms      10ms    5.0%   2.0000   45.0000     95.6%    1 s  卡:rng
  A5       40    0.25ms      10ms    2.5%   1.0000   45.0000     97.8%    1 s  最小占空比
------------------------------------------------------------------------------------------------
直流对照点: 0.1  0.5  1  2  4  10  20  40  nA
  每个直流点配到的脉冲组:
       0.1 nA <- ** 无 **
       0.5 nA <- ** 无 **
         1 nA <- A5
         2 nA <- A4
         4 nA <- A3
        10 nA <- A2
        20 nA <- A1
        40 nA <- ** 无 **

  注: B1/B2 落 10 s 窗口, 固件抽点后 1.6 ms/点, 而 t_on=1 ms < 1.6 ms
      -> 平台在存储波形里不存在, **平均照样准, 但不能做波形反演**。
  核心点 3 个 (A1 A2 A3 B1 B4 B6 C4 E1 E2), 其余 2 个为趋势点。
  预估: 核心点 3 次 + 趋势点 1 次 + 8 个直流点 3 次 ≈ 1.5 h;
        全部 3 次 ≈ 3 h。
    型号: 2636B
    装置就绪 (COM6 @ 115200 bps)

╔══ I_avg = 1 nA ══════════════════════════════════════
║ [A5] 峰值 40 nA / t_on 0.25 ms / T 10 ms / D 2.5%  (n=3)
      脉冲模式: 档位 1e-07 A (覆盖峰值 40 nA), nplc 0.00625 (孔径 0.125 ms < ton 0.25 ms)
      脉冲串 1510 个 x 10 ms = 15.1 s  (要覆盖 3 次测量)
      脉冲配置: Pulse 1 configured.
      脉冲启动: Pulse completed
      pulse 装置   +1.11233 nA   源表       +nan nA   (3 次, MODE=1)
║ [直流对照 1 nA]  (n=3)
      直流段 1 nA -> 档位 1e-09 A
      dc    装置   +1.00067 nA   源表   +0.99992 nA   (3 次, MODE=2)
╚════════════════════════════════════════════════════════════

╔══ I_avg = 2 nA ══════════════════════════════════════
║ [A4] 峰值 40 nA / t_on 0.50 ms / T 10 ms / D 5.0%  (n=3)
      脉冲模式: 档位 1e-07 A (覆盖峰值 40 nA), nplc 0.01 (孔径 0.2 ms < ton 0.5 ms)
      脉冲串 1510 个 x 10 ms = 15.1 s  (要覆盖 3 次测量)
      脉冲配置: Pulse 1 configured.
      脉冲启动: Pulse completed
      pulse 装置   +2.11967 nA   源表       +nan nA   (3 次, MODE=1)
║ [直流对照 2 nA]  (n=3)
      直流段 2 nA -> 档位 1e-08 A
      dc    装置   +1.99733 nA   源表   +1.99865 nA   (3 次, MODE=1)
╚════════════════════════════════════════════════════════════

╔══ I_avg = 4 nA ══════════════════════════════════════
║ [A3] 峰值 40 nA / t_on 1.00 ms / T 10 ms / D 10.0%  (n=3)
      脉冲模式: 档位 1e-07 A (覆盖峰值 40 nA), nplc 0.01 (孔径 0.2 ms < ton 1 ms)
      脉冲串 1510 个 x 10 ms = 15.1 s  (要覆盖 3 次测量)
      脉冲配置: Pulse 1 configured.
      脉冲启动: Pulse completed
      pulse 装置   +4.10100 nA   源表       +nan nA   (3 次, MODE=1)
║ [直流对照 4 nA]  (n=3)
      直流段 4 nA -> 档位 1e-08 A
      dc    装置   +3.99667 nA   源表   +3.99898 nA   (3 次, MODE=1)
╚════════════════════════════════════════════════════════════

╔══ I_avg = 10 nA ══════════════════════════════════════
║ [A2] 峰值 40 nA / t_on 2.50 ms / T 10 ms / D 25.0%  (n=3)
      脉冲模式: 档位 1e-07 A (覆盖峰值 40 nA), nplc 0.01 (孔径 0.2 ms < ton 2.5 ms)
      脉冲串 1510 个 x 10 ms = 15.1 s  (要覆盖 3 次测量)
      脉冲配置: Pulse 1 configured.
      脉冲启动: Pulse completed
      pulse 装置  +10.02900 nA   源表       +nan nA   (3 次, MODE=1)
║ [直流对照 10 nA]  (n=3)
      直流段 10 nA -> 档位 1e-08 A
      dc    装置   +9.99633 nA   源表   +9.99870 nA   (3 次, MODE=1)
╚════════════════════════════════════════════════════════════

╔══ I_avg = 20 nA ══════════════════════════════════════
║ [A1] 峰值 40 nA / t_on 5.00 ms / T 10 ms / D 50.0%  (n=3)
      脉冲模式: 档位 1e-07 A (覆盖峰值 40 nA), nplc 0.01 (孔径 0.2 ms < ton 5 ms)
      脉冲串 1510 个 x 10 ms = 15.1 s  (要覆盖 3 次测量)
      脉冲配置: Pulse 1 configured.
      脉冲启动: Pulse completed
      pulse 装置  +19.92867 nA   源表       +nan nA   (3 次, MODE=1)
║ [直流对照 20 nA]  (n=3)
      直流段 20 nA -> 档位 1e-07 A
      dc    装置  +19.99667 nA   源表  +19.99782 nA   (3 次, MODE=1)
╚════════════════════════════════════════════════════════════

已写 data/sweep_pulse_smoke.csv (30 行)

================================================================================================
E1: 脉冲读数 vs 计算平均值 I_avg
================================================================================================
    #       峰值nA     I_avg           装置读数       偏差
   A1         40   20.0000     +19.92867  -0.357%
   A2         40   10.0000     +10.02900  +0.290%
   A3         40    4.0000      +4.10100  +2.525%
   A4         40    2.0000      +2.11967  +5.983%
   A5         40    1.0000      +1.11233 +11.233%
------------------------------------------------------------------------------------------------
最大 |偏差| = 11.233 %   (判据 < 1.5%, 5/5 点有数据)  -> **未通过**

================================================================================================
E3 (核心): 同一 I_avg 下, 脉冲 vs 直流
================================================================================================
                 组      I_avg             脉冲             直流         差
                A5     1.0000      +1.11233      +1.00067  +11.159%
                A4     2.0000      +2.11967      +1.99733   +6.125%
                A3     4.0000      +4.10100      +3.99667   +2.611%
                A2    10.0000     +10.02900      +9.99633   +0.327%
                A1    20.0000     +19.92867     +19.99667   -0.340%
------------------------------------------------------------------------------------------------
最大 |差| = 11.159 %   (判据 < 0.5%, 5 对)  -> **未通过**

注: 标了 '<- 峰值 ... nA' 的行是**峰值超出 ±45 nA 直流量程**的点。
    这些行若同样落在 0.5% 内, 就是"脉冲调制不影响准确度"的最强证据。
