================================================================================================
脉冲输入测试
================================================================================================
================================================================================================
脉冲测试点表  (9 组)
================================================================================================
   #     峰值nA     t_on       周期     占空比     I_avg        上限       余量     窗口  说明
------------------------------------------------------------------------------------------------
  K1      400    1.00ms      10ms   10.0%  40.0000   45.0000     11.1%    1 s  峰值 8.9 倍量程  (紧)
  K2     1000    0.40ms      10ms    4.0%  40.0000   45.0000     11.1%    1 s  峰值 22 倍量程  (紧)
  K3     2000    0.20ms      10ms    2.0%  40.0000   45.0000     11.1%    1 s  峰值 44 倍量程; ton 到最小可用值  (紧)
  K4     2400    0.20ms      12ms    1.7%  40.0000   45.0000     11.1%    1 s  峰值 53 倍量程  (紧)
  K5     2800    0.20ms      14ms    1.4%  40.0000   45.0000     11.1%    1 s  峰值 62 倍量程  (紧)
  K6     3200    0.20ms      16ms    1.2%  40.0000   45.0000     11.1%    1 s  峰值 71 倍量程  (紧)
  K7     3600    0.20ms      18ms    1.1%  40.0000   45.0000     11.1%    1 s  峰值 80 倍量程  (紧)
  K8     4000    0.20ms      20ms    1.0%  40.0000   43.0000      7.0%    1 s  峰值 89 倍量程  (紧)
  K9     4200    0.20ms      22ms    0.9%  39.0698   40.0000      2.3%    1 s  峰值 **93 倍**量程; 纹波 840 pC 贴着上限  (紧)
------------------------------------------------------------------------------------------------
直流对照点: 0.1  0.5  1  1.5  2  3  4  5  6  8  10  12  16  20  40  nA
  每个直流点配到的脉冲组:
       0.1 nA <- ** 无 **
       0.5 nA <- ** 无 **
         1 nA <- ** 无 **
       1.5 nA <- ** 无 **
         2 nA <- ** 无 **
         3 nA <- ** 无 **
         4 nA <- ** 无 **
         5 nA <- ** 无 **
         6 nA <- ** 无 **
         8 nA <- ** 无 **
        10 nA <- ** 无 **
        12 nA <- ** 无 **
        16 nA <- ** 无 **
        20 nA <- ** 无 **
        40 nA <- K1 K2 K3 K4 K5 K6 K7 K8

  注: B1/B2 落 10 s 窗口, 固件抽点后 1.6 ms/点, 而 t_on=1 ms < 1.6 ms
      -> 平台在存储波形里不存在, **平均照样准, 但不能做波形反演**。
  9 个点, 不分核心/趋势 —— 重复次数由 --n / --n-core 给定。
    型号: 2636B
    装置就绪 (COM9 @ 115200 bps)

╔══ I_avg = 39.07 nA ══════════════════════════════════════
║ [K9] 峰值 4200 nA / t_on 0.20 ms / T 22 ms / D 0.9%  (n=5)
      脉冲模式: 档位 1e-05 A (覆盖峰值 4200 nA), nplc 0.005 (孔径 0.1 ms < ton 0.2 ms)
      脉冲串 801 个 x 22 ms = 17.2 s  (要覆盖 5 次测量)
      脉冲配置: Pulse 1 configured.
      脉冲启动: Pulse completed
      实测串长 17.36 s / 801 个 -> 每周期 21.678 ms, delta = +0.178 ms
      pulse 装置  +38.55700 nA   源表       +nan nA   (5 次, MODE=1)
║ [直流对照 39.07 nA]  (n=5)
      直流段 39.07 nA -> 档位 1e-07 A
      dc    装置  +39.06720 nA   源表  +39.06910 nA   (5 次, MODE=1)
╚════════════════════════════════════════════════════════════

╔══ I_avg = 40 nA ══════════════════════════════════════
║ [K1] 峰值 400 nA / t_on 1.00 ms / T 10 ms / D 10.0%  (n=5)
      脉冲模式: 档位 1e-06 A (覆盖峰值 400 nA), nplc 0.01 (孔径 0.2 ms < ton 1 ms)
      脉冲串 1710 个 x 10 ms = 17.1 s  (要覆盖 5 次测量)
      脉冲配置: Pulse 1 configured.
      脉冲启动: Pulse completed
      实测串长 17.37 s / 1710 个 -> 每周期 10.158 ms, delta = +0.158 ms
      pulse 装置  +39.11140 nA   源表       +nan nA   (5 次, MODE=1)
║ [K2] 峰值 1000 nA / t_on 0.40 ms / T 10 ms / D 4.0%  (n=5)
      脉冲模式: 档位 1e-05 A (覆盖峰值 1000 nA), nplc 0.01 (孔径 0.2 ms < ton 0.4 ms)
      脉冲串 1710 个 x 10 ms = 17.1 s  (要覆盖 5 次测量)
      脉冲配置: Pulse 1 configured.
      脉冲启动: Pulse completed
      实测串长 17.38 s / 1710 个 -> 每周期 10.165 ms, delta = +0.165 ms
      pulse 装置  +39.12280 nA   源表       +nan nA   (5 次, MODE=1)
║ [K3] 峰值 2000 nA / t_on 0.20 ms / T 10 ms / D 2.0%  (n=5)
      脉冲模式: 档位 1e-05 A (覆盖峰值 2000 nA), nplc 0.005 (孔径 0.1 ms < ton 0.2 ms)
      脉冲串 1710 个 x 10 ms = 17.1 s  (要覆盖 5 次测量)
      脉冲配置: Pulse 1 configured.
      脉冲启动: Pulse completed
      实测串长 17.37 s / 1710 个 -> 每周期 10.158 ms, delta = +0.158 ms
      pulse 装置  +39.09680 nA   源表       +nan nA   (5 次, MODE=1)
║ [K4] 峰值 2400 nA / t_on 0.20 ms / T 12 ms / D 1.7%  (n=5)
      脉冲模式: 档位 1e-05 A (覆盖峰值 2400 nA), nplc 0.005 (孔径 0.1 ms < ton 0.2 ms)
      脉冲串 1427 个 x 12 ms = 17.1 s  (要覆盖 5 次测量)
      脉冲配置: Pulse 1 configured.
      脉冲启动: Pulse completed
      实测串长 17.35 s / 1427 个 -> 每周期 12.161 ms, delta = +0.161 ms
      pulse 装置  +39.59480 nA   源表       +nan nA   (5 次, MODE=1)
║ [K5] 峰值 2800 nA / t_on 0.20 ms / T 14 ms / D 1.4%  (n=5)
      脉冲模式: 档位 1e-05 A (覆盖峰值 2800 nA), nplc 0.005 (孔径 0.1 ms < ton 0.2 ms)
      脉冲串 1225 个 x 14 ms = 17.1 s  (要覆盖 5 次测量)
      脉冲配置: Pulse 1 configured.
      脉冲启动: Pulse completed
      实测串长 17.35 s / 1225 个 -> 每周期 14.167 ms, delta = +0.167 ms
      pulse 装置  +39.54200 nA   源表       +nan nA   (5 次, MODE=1)
║ [K6] 峰值 3200 nA / t_on 0.20 ms / T 16 ms / D 1.2%  (n=5)
      脉冲模式: 档位 1e-05 A (覆盖峰值 3200 nA), nplc 0.005 (孔径 0.1 ms < ton 0.2 ms)
      脉冲串 1073 个 x 16 ms = 17.2 s  (要覆盖 5 次测量)
      脉冲配置: Pulse 1 configured.
      脉冲启动: Pulse completed
      实测串长 17.35 s / 1073 个 -> 每周期 16.168 ms, delta = +0.168 ms
      pulse 装置  +39.46140 nA   源表       +nan nA   (5 次, MODE=1)
║ [K7] 峰值 3600 nA / t_on 0.20 ms / T 18 ms / D 1.1%  (n=5)
      脉冲模式: 档位 1e-05 A (覆盖峰值 3600 nA), nplc 0.005 (孔径 0.1 ms < ton 0.2 ms)
      脉冲串 955 个 x 18 ms = 17.2 s  (要覆盖 5 次测量)
      脉冲配置: Pulse 1 configured.
      脉冲启动: Pulse completed
      实测串长 17.35 s / 955 个 -> 每周期 18.172 ms, delta = +0.172 ms
      pulse 装置  +39.21280 nA   源表       +nan nA   (5 次, MODE=1)
║ [K8] 峰值 4000 nA / t_on 0.20 ms / T 20 ms / D 1.0%  (n=5)
      脉冲模式: 档位 1e-05 A (覆盖峰值 4000 nA), nplc 0.005 (孔径 0.1 ms < ton 0.2 ms)
      脉冲串 860 个 x 20 ms = 17.2 s  (要覆盖 5 次测量)
      脉冲配置: Pulse 1 configured.
      脉冲启动: Pulse completed
      实测串长 17.35 s / 860 个 -> 每周期 20.174 ms, delta = +0.174 ms
      pulse 装置  +39.43540 nA   源表       +nan nA   (5 次, MODE=1)
║ [直流对照 40 nA]  (n=5)
      直流段 40 nA -> 档位 1e-07 A
      dc    装置  +39.99740 nA   源表  +39.99984 nA   (5 次, MODE=1)
╚════════════════════════════════════════════════════════════

已写 data/sweep_pulse_r1_K.csv (55 行)

================================================================================================
E1: 脉冲读数 vs 计算平均值 I_avg
    真值 = I_peak x ton/(T + 0.16 ms) —— 实测周期比标称长 DELTA_MS,
    标称值系统性偏高 delta/T; 判据**以真值为准**, 标称列留作对照。
================================================================================================
    #      峰值nA    I_avg标称    I_avg真值         装置读数      偏差标称      偏差真值
   K1       400    40.0000    39.3701    +39.11140   -2.222%   -0.657%
   K2      1000    40.0000    39.3701    +39.12280   -2.193%   -0.628%
   K3      2000    40.0000    39.3701    +39.09680   -2.258%   -0.694%
   K4      2400    40.0000    39.4737    +39.59480   -1.013%   +0.307%
   K5      2800    40.0000    39.5480    +39.54200   -1.145%   -0.015%
   K6      3200    40.0000    39.6040    +39.46140   -1.347%   -0.360%
   K7      3600    40.0000    39.6476    +39.21280   -1.968%   -1.097%
   K8      4000    40.0000    39.6825    +39.43540   -1.411%   -0.623%
   K9      4200    39.0698    38.7812    +38.55700   -1.312%   -0.578%
------------------------------------------------------------------------------------------------
最大 |偏差(真值)| = 1.097 %   (判据 < 1.5%, 9/9 点有数据)  -> 通过

================================================================================================
E3 (核心): 同一 I_avg 下, 脉冲 vs 直流
    直流点没有周期开销, 脉冲点有 -> 两边**要对齐到真值**才公平:
    等效直流量 = 直流读数 x (I_avg真值/标称)。判据以**修正后**为准。
================================================================================================
     组   I_avg标称    I_avg真值        脉冲      直流(等效)        实际直流       差标称       差修正
    K9   39.0698    38.7812  +38.5570    +38.7786    +39.0672   -1.306%   -0.571%  <- 峰值 4200 nA
    K1   40.0000    39.3701  +39.1114    +39.3675    +39.9974   -2.215%   -0.651%  <- 峰值 400 nA
    K2   40.0000    39.3701  +39.1228    +39.3675    +39.9974   -2.187%   -0.622%  <- 峰值 1000 nA
    K3   40.0000    39.3701  +39.0968    +39.3675    +39.9974   -2.252%   -0.688%  <- 峰值 2000 nA
    K4   40.0000    39.4737  +39.5948    +39.4711    +39.9974   -1.007%   +0.313%  <- 峰值 2400 nA
    K5   40.0000    39.5480  +39.5420    +39.5455    +39.9974   -1.139%   -0.009%  <- 峰值 2800 nA
    K6   40.0000    39.6040  +39.4614    +39.6014    +39.9974   -1.340%   -0.353%  <- 峰值 3200 nA
    K7   40.0000    39.6476  +39.2128    +39.6450    +39.9974   -1.962%   -1.090%  <- 峰值 3600 nA
    K8   40.0000    39.6825  +39.4354    +39.6800    +39.9974   -1.405%   -0.616%  <- 峰值 4000 nA
------------------------------------------------------------------------------------------------
最大 |差(修正后)| = 1.090 %   (判据 < 0.5%, 9 对)  -> **未通过**

注: 标了 '<- 峰值 ... nA' 的行是**峰值超出 ±45 nA 直流量程**的点。
    这些行若同样落在 0.5% 内, 就是"脉冲调制不影响准确度"的最强证据。
