======================================================================
标定扫描   38 点 x 3 次
  端点码: ADS8866 外部 EXT1/EXT2
======================================================================
[1] 连装置 ...
    装置就绪 (COM6)
[2] 连 2636B ...
    型号: 2636B

── 设定 +0.0020 nA ──────────────────────────────────────────────
   档位 1e-09 A
   窗口: WIN 50000ms (312500 ticks)
    预热: +0.000
    第1次  装置   +0.0000 nA (MODE=2 T=50000ms)   回读采了 10 个   有RAW
    第2次  装置   +0.0000 nA (MODE=2 T=50000ms)   回读采了 10 个   有RAW
    第3次  装置   +0.0000 nA (MODE=2 T=50000ms)   回读采了 10 个   有RAW
    ==> 装置平均   +0.0000 nA (3 次)  源表平均  +0.00182 nA (30 个回读)  误差 -100.000%

── 设定 +0.0040 nA ──────────────────────────────────────────────
   档位 1e-09 A
   窗口: WIN 50000ms (312500 ticks)
    预热: +0.002
    第1次  装置   +0.0020 nA (MODE=2 T=50000ms)   回读采了 10 个   有RAW
    第2次  装置   +0.0020 nA (MODE=2 T=50000ms)   回读采了 10 个   有RAW
    第3次  装置   +0.0020 nA (MODE=2 T=50000ms)   回读采了 10 个   有RAW
    ==> 装置平均   +0.0020 nA (3 次)  源表平均  +0.00384 nA (30 个回读)  误差 -47.930%

── 设定 +0.0060 nA ──────────────────────────────────────────────
   档位 1e-09 A
   窗口: WIN 50000ms (312500 ticks)
